# Bake Begins!
### (1 of 6) Copy sources
$ cp -a /home/travis/build/fontdirectory/sharetech/METADATA.json /home/travis/build/fontdirectory/sharetech/builds/build
$ cp -a /home/travis/build/fontdirectory/sharetech/DESCRIPTION.en_us.html /home/travis/build/fontdirectory/sharetech/builds/build
$ cp -a ShareTech-Regular.ttf.ttx src/ShareTech-Regular.otf.ttx src/ShareTech-Regularo.ttf.ttx src/expertset/ShareTechExp-Regular.ttf.ttx src/expertset/ShareTechExp-Regular.otf.ttx src/ShareTechMono-Regularo-TTF.sfd src/ShareTech-Regular-TTF.sfd src/ShareTechMono-Regular-TTF.sfd src/ShareTech-Regularo-TTF.sfd ShareTech-Regular.ttf._n_a_m_e.ttx ShareTech-Regular.ttf._c_m_a_p.ttx ShareTech-Regular.ttf.G_D_E_F_.ttx ShareTech-Regular.ttf._l_o_c_a.ttx ShareTech-Regular.ttf._p_o_s_t.ttx ShareTech-Regular.ttf.GlyphOrder.ttx ShareTech-Regular.ttf._h_e_a_d.ttx ShareTech-Regular.ttf._h_m_t_x.ttx ShareTech-Regular.ttf._g_a_s_p.ttx ShareTech-Regular.ttf._h_h_e_a.ttx ShareTech-Regular.ttf._p_r_e_p.ttx ShareTech-Regular.ttf.D_S_I_G_.ttx ShareTech-Regular.ttf._g_l_y_f.ttx ShareTech-Regular.ttf.G_S_U_B_.ttx ShareTech-Regular.ttf._m_a_x_p.ttx ShareTech-Regular.ttf.O_S_2f_2.ttx ShareTech-Regular.ttf.G_P_O_S_.ttx ShareTech-Regular.ttf.F_F_T_M_.ttx src/ShareTech-Regular.otf.G_S_U_B_.ttx src/ShareTech-Regular.otf.C_F_F_.ttx src/ShareTech-Regular.otf._h_e_a_d.ttx src/ShareTech-Regular.otf.B_U_S_G_.ttx src/ShareTech-Regular.otf._c_m_a_p.ttx src/ShareTech-Regular.otf.GlyphOrder.ttx src/ShareTech-Regular.otf._m_a_x_p.ttx src/ShareTech-Regular.otf._p_o_s_t.ttx src/ShareTech-Regular.otf._k_e_r_n.ttx src/ShareTech-Regular.otf.S_O_P_G_.ttx src/ShareTech-Regular.otf.O_S_2f_2.ttx src/ShareTech-Regular.otf.G_P_O_S_.ttx src/ShareTech-Regular.otf._n_a_m_e.ttx src/ShareTech-Regular.otf._h_m_t_x.ttx src/ShareTech-Regular.otf._h_h_e_a.ttx src/ShareTech-Regularo.ttf._f_p_g_m.ttx src/ShareTech-Regularo.ttf._c_v_t.ttx src/ShareTech-Regularo.ttf._c_m_a_p.ttx src/ShareTech-Regularo.ttf.L_T_S_H_.ttx src/ShareTech-Regularo.ttf.G_P_O_S_.ttx src/ShareTech-Regularo.ttf.G_S_U_B_.ttx src/ShareTech-Regularo.ttf._h_d_m_x.ttx src/ShareTech-Regularo.ttf._p_o_s_t.ttx src/ShareTech-Regularo.ttf._m_a_x_p.ttx src/ShareTech-Regularo.ttf.GlyphOrder.ttx src/ShareTech-Regularo.ttf._h_h_e_a.ttx src/ShareTech-Regularo.ttf.V_D_M_X_.ttx src/ShareTech-Regularo.ttf._l_o_c_a.ttx src/ShareTech-Regularo.ttf._p_r_e_p.ttx src/ShareTech-Regularo.ttf._n_a_m_e.ttx src/ShareTech-Regularo.ttf.G_D_E_F_.ttx src/ShareTech-Regularo.ttf._k_e_r_n.ttx src/ShareTech-Regularo.ttf._h_m_t_x.ttx src/ShareTech-Regularo.ttf.O_S_2f_2.ttx src/ShareTech-Regularo.ttf._h_e_a_d.ttx src/ShareTech-Regularo.ttf._g_l_y_f.ttx src/expertset/ShareTechExp-Regular.ttf._h_h_e_a.ttx src/expertset/ShareTechExp-Regular.ttf._p_r_e_p.ttx src/expertset/ShareTechExp-Regular.ttf._c_m_a_p.ttx src/expertset/ShareTechExp-Regular.ttf._h_e_a_d.ttx src/expertset/ShareTechExp-Regular.ttf._n_a_m_e.ttx src/expertset/ShareTechExp-Regular.ttf.GlyphOrder.ttx src/expertset/ShareTechExp-Regular.ttf._g_l_y_f.ttx src/expertset/ShareTechExp-Regular.ttf.V_D_M_X_.ttx src/expertset/ShareTechExp-Regular.ttf._p_o_s_t.ttx src/expertset/ShareTechExp-Regular.ttf._c_v_t.ttx src/expertset/ShareTechExp-Regular.ttf._f_p_g_m.ttx src/expertset/ShareTechExp-Regular.ttf.O_S_2f_2.ttx src/expertset/ShareTechExp-Regular.ttf.L_T_S_H_.ttx src/expertset/ShareTechExp-Regular.ttf._m_a_x_p.ttx src/expertset/ShareTechExp-Regular.ttf._h_m_t_x.ttx src/expertset/ShareTechExp-Regular.ttf._h_d_m_x.ttx src/expertset/ShareTechExp-Regular.ttf._l_o_c_a.ttx src/expertset/ShareTechExp-Regular.otf.GlyphOrder.ttx src/expertset/ShareTechExp-Regular.otf._p_o_s_t.ttx src/expertset/ShareTechExp-Regular.otf._h_e_a_d.ttx src/expertset/ShareTechExp-Regular.otf.O_S_2f_2.ttx src/expertset/ShareTechExp-Regular.otf._h_m_t_x.ttx src/expertset/ShareTechExp-Regular.otf._n_a_m_e.ttx src/expertset/ShareTechExp-Regular.otf.C_F_F_.ttx src/expertset/ShareTechExp-Regular.otf._m_a_x_p.ttx src/expertset/ShareTechExp-Regular.otf._c_m_a_p.ttx src/expertset/ShareTechExp-Regular.otf._h_h_e_a.ttx /home/travis/build/fontdirectory/sharetech/builds/build/sources
### (2 of 6) pyfontaine
### (3 of 6) Run upstream tests
$ fontbakery-check.py upstream-repo sources
$ fontaine --collections subsets --text /home/travis/build/fontdirectory/sharetech/builds/build/sources/ShareTech-Regular.otf.ttx /home/travis/build/fontdirectory/sharetech/builds/build/sources/ShareTechExp-Regular.ttf.ttx /home/travis/build/fontdirectory/sharetech/builds/build/sources/ShareTechExp-Regular.otf.ttx /home/travis/build/fontdirectory/sharetech/builds/build/sources/ShareTech-Regular.ttf.ttx /home/travis/build/fontdirectory/sharetech/builds/build/sources/ShareTech-Regularo.ttf.ttx /home/travis/build/fontdirectory/sharetech/builds/build/sources/ShareTechMono-Regularo-TTF.sfd /home/travis/build/fontdirectory/sharetech/builds/build/sources/ShareTech-Regular-TTF.sfd /home/travis/build/fontdirectory/sharetech/builds/build/sources/ShareTechMono-Regular-TTF.sfd /home/travis/build/fontdirectory/sharetech/builds/build/sources/ShareTech-Regularo-TTF.sfd > fontaine.txt
WARNING: Please install [PyICU](https://pypi.python.org/pypi/PyICU) toenable [feature], perhaps with: pip install pyicu
bakery_lint.tests.upstream.test_prepolation.FontTestPrepolation.test_font_prepolation_glyph_contours(): OK
pyfontaine error: Not a TrueType or OpenType font (bad sfntVersion)
pyfontaine process has been failed
bakery_lint.tests.upstream.test_prepolation.FontTestPrepolation.test_font_prepolation_glyph_points(): OK
bakery_lint.tests.upstream.test_prepolation.FontTestPrepolation.test_font_test_prepolation_glyph_names(): OK
bakery_lint.tests.upstream.test_check_upstream_sources.ProjectUpstreamTestCase.test_bakery_yaml_exists(): OK
bakery_lint.tests.upstream.test_check_upstream_sources.ProjectUpstreamTestCase.test_copyright_notices_same_across_family(): OK
bakery_lint.tests.upstream.test_check_upstream_sources.ProjectUpstreamTestCase.test_description_html_exists(): OK
bakery_lint.tests.upstream.test_check_upstream_sources.ProjectUpstreamTestCase.test_fontlog_txt_exists(): FAIL
bakery_lint.tests.upstream.test_check_upstream_sources.ProjectUpstreamTestCase.test_metadata_json_exists(): OK
bakery_lint.tests.upstream.test_diacritic.TestDiacritic.test_diacritic_made_as_component(): OK
bakery_lint.tests.upstream.test_diacritic.TestDiacritic.test_diacritic_made_as_mark_to_mark(): OK
bakery_lint.tests.upstream.test_diacritic.TestDiacritic.test_diacritic_made_as_own_glyphs(): OK
$ fontbakery-check.py upstream-ttx ShareTech-Regular.otf.ttx
bakery_lint.tests.upstream.test_font_filename_eq_familystyle.TestTTFSourceFontFileNameEqualsFamilyStyle.test_source_ttf_font_filename_equals_familystyle(): FAIL
$ mv /home/travis/build/fontdirectory/sharetech/builds/build/sources/ShareTech-Regular.otf.ttx /home/travis/build/fontdirectory/sharetech/builds/build/sources/ShareTech-Regular.ttx
bakery_lint.tests.upstream.test_font_filename_eq_familystyle.TestTTFSourceFontFileNameEqualsFamilyStyle.test_source_ttf_font_filename_equals_familystyle(): OK
bakery_lint.tests.upstream.test_check_ttx_requirements.SourceTTXTest.test_epar_in_keys(): FAIL
bakery_lint.tests.upstream.test_check_ttx_requirements.SourceTTXTest.test_os2_in_keys(): OK
bakery_lint.tests.upstream.test_check_ttx_requirements.SourceTTXTest.test_ttx_doesnt_contain_duplicate_glyphs(): OK
bakery_lint.tests.upstream.test_check_ttx_fontfamily_recommendations.TTX_FontFamilyNamingTest.test_ttx_family_naming_recommendation(): OK
bakery_lint.tests.upstream.test_glyphname_does_not_contain_disallowed_chars.TestGlyphNameDoesNotContainsDisallowedChars.test_glyphname_does_not_contain_disallowed_chars(): FAIL
$ fontbakery-check.py upstream-ttx ShareTechExp-Regular.ttf.ttx
bakery_lint.tests.upstream.test_font_filename_eq_familystyle.TestTTFSourceFontFileNameEqualsFamilyStyle.test_source_ttf_font_filename_equals_familystyle(): FAIL
$ mv /home/travis/build/fontdirectory/sharetech/builds/build/sources/ShareTechExp-Regular.ttf.ttx /home/travis/build/fontdirectory/sharetech/builds/build/sources/Share-TechExp-Regular.ttx
bakery_lint.tests.upstream.test_font_filename_eq_familystyle.TestTTFSourceFontFileNameEqualsFamilyStyle.test_source_ttf_font_filename_equals_familystyle(): OK
bakery_lint.tests.upstream.test_check_ttx_requirements.SourceTTXTest.test_epar_in_keys(): FAIL
bakery_lint.tests.upstream.test_check_ttx_requirements.SourceTTXTest.test_os2_in_keys(): OK
bakery_lint.tests.upstream.test_check_ttx_requirements.SourceTTXTest.test_ttx_doesnt_contain_duplicate_glyphs(): OK
bakery_lint.tests.upstream.test_check_ttx_fontfamily_recommendations.TTX_FontFamilyNamingTest.test_ttx_family_naming_recommendation(): OK
bakery_lint.tests.upstream.test_glyphname_does_not_contain_disallowed_chars.TestGlyphNameDoesNotContainsDisallowedChars.test_glyphname_does_not_contain_disallowed_chars(): FAIL
$ fontbakery-check.py upstream-ttx ShareTechExp-Regular.otf.ttx
bakery_lint.tests.upstream.test_font_filename_eq_familystyle.TestTTFSourceFontFileNameEqualsFamilyStyle.test_source_ttf_font_filename_equals_familystyle(): FAIL
$ mv /home/travis/build/fontdirectory/sharetech/builds/build/sources/ShareTechExp-Regular.otf.ttx /home/travis/build/fontdirectory/sharetech/builds/build/sources/Share-TechExp-Regular.ttx
bakery_lint.tests.upstream.test_font_filename_eq_familystyle.TestTTFSourceFontFileNameEqualsFamilyStyle.test_source_ttf_font_filename_equals_familystyle(): OK
bakery_lint.tests.upstream.test_check_ttx_requirements.SourceTTXTest.test_epar_in_keys(): FAIL
bakery_lint.tests.upstream.test_check_ttx_requirements.SourceTTXTest.test_os2_in_keys(): OK
bakery_lint.tests.upstream.test_check_ttx_requirements.SourceTTXTest.test_ttx_doesnt_contain_duplicate_glyphs(): OK
bakery_lint.tests.upstream.test_check_ttx_fontfamily_recommendations.TTX_FontFamilyNamingTest.test_ttx_family_naming_recommendation(): OK
bakery_lint.tests.upstream.test_glyphname_does_not_contain_disallowed_chars.TestGlyphNameDoesNotContainsDisallowedChars.test_glyphname_does_not_contain_disallowed_chars(): FAIL
$ fontbakery-check.py upstream-ttx ShareTech-Regular.ttf.ttx
bakery_lint.tests.upstream.test_font_filename_eq_familystyle.TestTTFSourceFontFileNameEqualsFamilyStyle.test_source_ttf_font_filename_equals_familystyle(): FAIL
$ mv /home/travis/build/fontdirectory/sharetech/builds/build/sources/ShareTech-Regular.ttf.ttx /home/travis/build/fontdirectory/sharetech/builds/build/sources/ShareTech-Regular.ttx
bakery_lint.tests.upstream.test_font_filename_eq_familystyle.TestTTFSourceFontFileNameEqualsFamilyStyle.test_source_ttf_font_filename_equals_familystyle(): OK
bakery_lint.tests.upstream.test_check_ttx_requirements.SourceTTXTest.test_epar_in_keys(): FAIL
bakery_lint.tests.upstream.test_check_ttx_requirements.SourceTTXTest.test_os2_in_keys(): OK
bakery_lint.tests.upstream.test_check_ttx_requirements.SourceTTXTest.test_ttx_doesnt_contain_duplicate_glyphs(): OK
bakery_lint.tests.upstream.test_check_ttx_fontfamily_recommendations.TTX_FontFamilyNamingTest.test_ttx_family_naming_recommendation(): OK
bakery_lint.tests.upstream.test_glyphname_does_not_contain_disallowed_chars.TestGlyphNameDoesNotContainsDisallowedChars.test_glyphname_does_not_contain_disallowed_chars(): FAIL
$ fontbakery-check.py upstream-ttx ShareTech-Regularo.ttf.ttx
bakery_lint.tests.upstream.test_font_filename_eq_familystyle.TestTTFSourceFontFileNameEqualsFamilyStyle.test_source_ttf_font_filename_equals_familystyle(): FAIL
$ mv /home/travis/build/fontdirectory/sharetech/builds/build/sources/ShareTech-Regularo.ttf.ttx /home/travis/build/fontdirectory/sharetech/builds/build/sources/Share-Tech-Regular.ttx
bakery_lint.tests.upstream.test_font_filename_eq_familystyle.TestTTFSourceFontFileNameEqualsFamilyStyle.test_source_ttf_font_filename_equals_familystyle(): OK
bakery_lint.tests.upstream.test_check_ttx_requirements.SourceTTXTest.test_epar_in_keys(): FAIL
bakery_lint.tests.upstream.test_check_ttx_requirements.SourceTTXTest.test_os2_in_keys(): OK
bakery_lint.tests.upstream.test_check_ttx_requirements.SourceTTXTest.test_ttx_doesnt_contain_duplicate_glyphs(): OK
bakery_lint.tests.upstream.test_check_ttx_fontfamily_recommendations.TTX_FontFamilyNamingTest.test_ttx_family_naming_recommendation(): OK
bakery_lint.tests.upstream.test_glyphname_does_not_contain_disallowed_chars.TestGlyphNameDoesNotContainsDisallowedChars.test_glyphname_does_not_contain_disallowed_chars(): FAIL
$ fontbakery-check.py upstream ShareTechMono-Regularo-TTF.sfd
bakery_lint.tests.upstream.test_check_ufo_requirements.UfoOpenTest.test_has_rupee(): ERROR
bakery_lint.tests.upstream.test_check_ufo_requirements.UfoOpenTest.test_is_A(): ERROR
bakery_lint.tests.upstream.test_check_ufo_requirements.UfoOpenTest.test_is_A_a_glyph_instance(): ERROR
bakery_lint.tests.upstream.test_check_ufo_requirements.UfoOpenTest.test_is_ended_ufo(): ERROR
bakery_lint.tests.upstream.test_check_ufo_requirements.UfoOpenTest.test_is_folder(): ERROR
bakery_lint.tests.upstream.test_check_ufo_requirements.UfoOpenTest.test_is_fsType_eq_1(): ERROR
bakery_lint.tests.upstream.test_check_ufo_requirements.UfoOpenTest.test_it_exists(): ERROR
bakery_lint.tests.upstream.test_unicode_value_should_appear_only_once_per_font.UnicodeValueShouldAppearOnlyOnce.testUnicodeValue(): ERROR
bakery_lint.tests.upstream.test_font_filename_eq_familystyle.TestTTFSourceFontFileNameEqualsFamilyStyle.test_source_ttf_font_filename_equals_familystyle(): ERROR
bakery_lint.tests.upstream.test_contour_count.TestContourCount.test_contour_count(): ERROR
bakery_lint.tests.upstream.test_check_ufo_fontfamily_recommendations.TestUFOFontFamilyNamingTest.test_familyname_less_than_32_chars(): OK
bakery_lint.tests.upstream.test_check_ufo_fontfamily_recommendations.TestUFOFontFamilyNamingTest.test_fullfontname_less_than_64_chars(): OK
bakery_lint.tests.upstream.test_check_ufo_fontfamily_recommendations.TestUFOFontFamilyNamingTest.test_postscriptname_consistof_allowed_chars(): OK
bakery_lint.tests.upstream.test_check_ufo_fontfamily_recommendations.TestUFOFontFamilyNamingTest.test_postscriptname_less_than_30_chars(): OK
bakery_lint.tests.upstream.test_check_ufo_fontfamily_recommendations.TestUFOFontFamilyNamingTest.test_stylename_less_than_32_chars(): OK
bakery_lint.tests.upstream.test_check_ufo_fontfamily_recommendations.TestUFOFontFamilyNamingTest.test_weight_value_range_between_250_and_900(): OK
$ fontbakery-check.py upstream ShareTech-Regular-TTF.sfd
bakery_lint.tests.upstream.test_check_ufo_requirements.UfoOpenTest.test_has_rupee(): ERROR
bakery_lint.tests.upstream.test_check_ufo_requirements.UfoOpenTest.test_is_A(): ERROR
bakery_lint.tests.upstream.test_check_ufo_requirements.UfoOpenTest.test_is_A_a_glyph_instance(): ERROR
bakery_lint.tests.upstream.test_check_ufo_requirements.UfoOpenTest.test_is_ended_ufo(): ERROR
bakery_lint.tests.upstream.test_check_ufo_requirements.UfoOpenTest.test_is_folder(): ERROR
bakery_lint.tests.upstream.test_check_ufo_requirements.UfoOpenTest.test_is_fsType_eq_1(): ERROR
bakery_lint.tests.upstream.test_check_ufo_requirements.UfoOpenTest.test_it_exists(): ERROR
bakery_lint.tests.upstream.test_unicode_value_should_appear_only_once_per_font.UnicodeValueShouldAppearOnlyOnce.testUnicodeValue(): ERROR
bakery_lint.tests.upstream.test_font_filename_eq_familystyle.TestTTFSourceFontFileNameEqualsFamilyStyle.test_source_ttf_font_filename_equals_familystyle(): ERROR
bakery_lint.tests.upstream.test_contour_count.TestContourCount.test_contour_count(): ERROR
bakery_lint.tests.upstream.test_check_ufo_fontfamily_recommendations.TestUFOFontFamilyNamingTest.test_familyname_less_than_32_chars(): OK
bakery_lint.tests.upstream.test_check_ufo_fontfamily_recommendations.TestUFOFontFamilyNamingTest.test_fullfontname_less_than_64_chars(): OK
bakery_lint.tests.upstream.test_check_ufo_fontfamily_recommendations.TestUFOFontFamilyNamingTest.test_postscriptname_consistof_allowed_chars(): OK
bakery_lint.tests.upstream.test_check_ufo_fontfamily_recommendations.TestUFOFontFamilyNamingTest.test_postscriptname_less_than_30_chars(): OK
bakery_lint.tests.upstream.test_check_ufo_fontfamily_recommendations.TestUFOFontFamilyNamingTest.test_stylename_less_than_32_chars(): OK
bakery_lint.tests.upstream.test_check_ufo_fontfamily_recommendations.TestUFOFontFamilyNamingTest.test_weight_value_range_between_250_and_900(): OK
$ fontbakery-check.py upstream ShareTechMono-Regular-TTF.sfd
bakery_lint.tests.upstream.test_check_ufo_requirements.UfoOpenTest.test_has_rupee(): ERROR
bakery_lint.tests.upstream.test_check_ufo_requirements.UfoOpenTest.test_is_A(): ERROR
bakery_lint.tests.upstream.test_check_ufo_requirements.UfoOpenTest.test_is_A_a_glyph_instance(): ERROR
bakery_lint.tests.upstream.test_check_ufo_requirements.UfoOpenTest.test_is_ended_ufo(): ERROR
bakery_lint.tests.upstream.test_check_ufo_requirements.UfoOpenTest.test_is_folder(): ERROR
bakery_lint.tests.upstream.test_check_ufo_requirements.UfoOpenTest.test_is_fsType_eq_1(): ERROR
bakery_lint.tests.upstream.test_check_ufo_requirements.UfoOpenTest.test_it_exists(): ERROR
bakery_lint.tests.upstream.test_unicode_value_should_appear_only_once_per_font.UnicodeValueShouldAppearOnlyOnce.testUnicodeValue(): ERROR
bakery_lint.tests.upstream.test_font_filename_eq_familystyle.TestTTFSourceFontFileNameEqualsFamilyStyle.test_source_ttf_font_filename_equals_familystyle(): ERROR
bakery_lint.tests.upstream.test_contour_count.TestContourCount.test_contour_count(): ERROR
bakery_lint.tests.upstream.test_check_ufo_fontfamily_recommendations.TestUFOFontFamilyNamingTest.test_familyname_less_than_32_chars(): OK
bakery_lint.tests.upstream.test_check_ufo_fontfamily_recommendations.TestUFOFontFamilyNamingTest.test_fullfontname_less_than_64_chars(): OK
bakery_lint.tests.upstream.test_check_ufo_fontfamily_recommendations.TestUFOFontFamilyNamingTest.test_postscriptname_consistof_allowed_chars(): OK
bakery_lint.tests.upstream.test_check_ufo_fontfamily_recommendations.TestUFOFontFamilyNamingTest.test_postscriptname_less_than_30_chars(): OK
bakery_lint.tests.upstream.test_check_ufo_fontfamily_recommendations.TestUFOFontFamilyNamingTest.test_stylename_less_than_32_chars(): OK
bakery_lint.tests.upstream.test_check_ufo_fontfamily_recommendations.TestUFOFontFamilyNamingTest.test_weight_value_range_between_250_and_900(): OK
$ fontbakery-check.py upstream ShareTech-Regularo-TTF.sfd
bakery_lint.tests.upstream.test_check_ufo_requirements.UfoOpenTest.test_has_rupee(): ERROR
bakery_lint.tests.upstream.test_check_ufo_requirements.UfoOpenTest.test_is_A(): ERROR
bakery_lint.tests.upstream.test_check_ufo_requirements.UfoOpenTest.test_is_A_a_glyph_instance(): ERROR
bakery_lint.tests.upstream.test_check_ufo_requirements.UfoOpenTest.test_is_ended_ufo(): ERROR
bakery_lint.tests.upstream.test_check_ufo_requirements.UfoOpenTest.test_is_folder(): ERROR
bakery_lint.tests.upstream.test_check_ufo_requirements.UfoOpenTest.test_is_fsType_eq_1(): ERROR
bakery_lint.tests.upstream.test_check_ufo_requirements.UfoOpenTest.test_it_exists(): ERROR
bakery_lint.tests.upstream.test_unicode_value_should_appear_only_once_per_font.UnicodeValueShouldAppearOnlyOnce.testUnicodeValue(): ERROR
bakery_lint.tests.upstream.test_font_filename_eq_familystyle.TestTTFSourceFontFileNameEqualsFamilyStyle.test_source_ttf_font_filename_equals_familystyle(): ERROR
bakery_lint.tests.upstream.test_contour_count.TestContourCount.test_contour_count(): ERROR
bakery_lint.tests.upstream.test_check_ufo_fontfamily_recommendations.TestUFOFontFamilyNamingTest.test_familyname_less_than_32_chars(): OK
bakery_lint.tests.upstream.test_check_ufo_fontfamily_recommendations.TestUFOFontFamilyNamingTest.test_fullfontname_less_than_64_chars(): OK
bakery_lint.tests.upstream.test_check_ufo_fontfamily_recommendations.TestUFOFontFamilyNamingTest.test_postscriptname_consistof_allowed_chars(): OK
bakery_lint.tests.upstream.test_check_ufo_fontfamily_recommendations.TestUFOFontFamilyNamingTest.test_postscriptname_less_than_30_chars(): OK
bakery_lint.tests.upstream.test_check_ufo_fontfamily_recommendations.TestUFOFontFamilyNamingTest.test_stylename_less_than_32_chars(): OK
bakery_lint.tests.upstream.test_check_ufo_fontfamily_recommendations.TestUFOFontFamilyNamingTest.test_weight_value_range_between_250_and_900(): OK
### (4 of 6) Convert sources to TTF
$ ttx -d /home/travis/build/fontdirectory/sharetech/builds/build /home/travis/build/fontdirectory/sharetech/builds/build/sources/ShareTech-Regular.ttx /home/travis/build/fontdirectory/sharetech/builds/build/sources/Share-TechExp-Regular.ttx /home/travis/build/fontdirectory/sharetech/builds/build/sources/Share-Tech-Regular.ttx
strippedname:/home/travis/build/fontdirectory/sharetech/builds/build/sources/ShareTechMono-Regularo-TTF.sfd
strippedname:/home/travis/build/fontdirectory/sharetech/builds/build/sources/ShareTech-Regular-TTF.sfd
strippedname:/home/travis/build/fontdirectory/sharetech/builds/build/sources/ShareTechMono-Regular-TTF.sfd
strippedname:/home/travis/build/fontdirectory/sharetech/builds/build/sources/ShareTech-Regularo-TTF.sfd
Compiling "/home/travis/build/fontdirectory/sharetech/builds/build/sources/ShareTech-Regular.ttx" to "/home/travis/build/fontdirectory/sharetech/builds/build/ShareTech-Regular.ttf"...
Parsing 'GlyphOrder' table...
Parsing 'head' table...
Parsing 'hhea' table...
Parsing 'maxp' table...
Parsing 'OS/2' table...
Parsing 'hmtx' table...
Parsing 'cmap' table...
Parsing 'prep' table...
Parsing 'loca' table...
Parsing 'glyf' table...
Parsing 'name' table...
Parsing 'post' table...
Parsing 'gasp' table...
Parsing 'FFTM' table...
Parsing 'GDEF' table...
Parsing 'GPOS' table...
Parsing 'GSUB' table...
Parsing 'DSIG' table...
Compiling "/home/travis/build/fontdirectory/sharetech/builds/build/sources/Share-TechExp-Regular.ttx" to "/home/travis/build/fontdirectory/sharetech/builds/build/Share-TechExp-Regular.otf"...
Parsing 'GlyphOrder' table...
Parsing 'head' table...
Parsing 'hhea' table...
Parsing 'maxp' table...
Parsing 'OS/2' table...
Parsing 'name' table...
Parsing 'cmap' table...
Parsing 'post' table...
Parsing 'CFF ' table...
Parsing 'hmtx' table...
Compiling "/home/travis/build/fontdirectory/sharetech/builds/build/sources/Share-Tech-Regular.ttx" to "/home/travis/build/fontdirectory/sharetech/builds/build/Share-Tech-Regular.ttf"...
Parsing 'GlyphOrder' table...
Parsing 'head' table...
Parsing 'hhea' table...
Parsing 'maxp' table...
Parsing 'OS/2' table...
Parsing 'hmtx' table...
Parsing 'LTSH' table...
Parsing 'VDMX' table...
Parsing 'hdmx' table...
Parsing 'cmap' table...
Parsing 'fpgm' table...
Parsing 'prep' table...
Parsing 'cvt ' table...
Parsing 'loca' table...
Parsing 'glyf' table...
Parsing 'kern' table...
Parsing 'name' table...
Parsing 'post' table...
Parsing 'GDEF' table...
Parsing 'GPOS' table...
Parsing 'GSUB' table...
### Test ShareTech-Regular.ttf
$ fontbakery-check.py result ShareTech-Regular.ttf
bakery_lint.tests.downstream.test_check_italic_angle_agreement.CheckItalicAngleAgreement.test_check_italic_angle_agreement(): OK
bakery_lint.tests.downstream.test_check_upm_heights_less_120.TestCheckUPMHeightsLess120.test_check_upm_heigths_less_120(): OK
bakery_lint.tests.downstream.test_check_font_tables.CheckFontHasDsigTable.test_check_font_has_dsig_table(): OK
bakery_lint.tests.downstream.test_check_font_tables.CheckFontHasNotKernTable.test_no_kern_table_exists(): OK
bakery_lint.tests.downstream.test_check_name_table_recommendation.CheckStyleNameRecommendation.test_check_stylename_is_under_recommendations(): OK
bakery_lint.tests.downstream.test_check_name_table_recommendation.CheckOTFamilyNameRecommendation.test_check_opentype_familyname(): FAIL
$ fontbakery-fix-opentype-names.py /home/travis/build/fontdirectory/sharetech/builds/build/ShareTech-Regular.ttf
$ mv /home/travis/build/fontdirectory/sharetech/builds/build/ShareTech-Regular.ttf.fix /home/travis/build/fontdirectory/sharetech/builds/build/ShareTech-Regular.ttf
bakery_lint.tests.downstream.test_check_name_table_recommendation.CheckOTFamilyNameRecommendation.test_check_opentype_familyname(): OK
bakery_lint.tests.downstream.test_check_name_table_recommendation.CheckOTStyleNameRecommendation.test_check_opentype_stylename(): OK
bakery_lint.tests.downstream.test_check_name_table_recommendation.CheckOTFullNameRecommendation.test_check_opentype_fullname(): OK
bakery_lint.tests.downstream.test_check_nbsp_width_matches_sp_width.CheckNbspWidthMatchesSpWidth.test_check_nbsp_width_matches_sp_width(): OK
bakery_lint.tests.downstream.test_check_names_same_across_platforms.CheckNamesSameAcrossPlatforms.test_check_names_same_across_platforms(): OK
bakery_lint.tests.downstream.test_check_panose_identification.CheckPanoseIdentification.test_check_panose_identification(): OK
bakery_lint.tests.downstream.test_check_license_included.CheckLicenseIncluded.test_license_included_in_font_names(): OK
bakery_lint.tests.downstream.test_check_full_font_name_begins_with_family_name.CheckFullFontNameBeginsWithFamilyName.test_check_full_font_name_begins_with_family_name(): OK
bakery_lint.tests.downstream.test_check_unused_glyph_data.CheckUnusedGlyphData.test_check_unused_glyph_data(): ERROR
bakery_lint.tests.downstream.test_gasp_table_value.CheckGaspTableType.test_check_gasp_table_type(): OK
$ fontbakery-fix-gasp.py --set=15 /home/travis/build/fontdirectory/sharetech/builds/build/ShareTech-Regular.ttf
$ mv /home/travis/build/fontdirectory/sharetech/builds/build/ShareTech-Regular.ttf.fix /home/travis/build/fontdirectory/sharetech/builds/build/ShareTech-Regular.ttf
bakery_lint.tests.downstream.test_check_hmtx_hhea_max_advance_width_agreement.CheckHmtxHheaMaxAdvanceWidthAgreement.test_check_hmtx_hhea_max_advance_width_agreement(): OK
bakery_lint.tests.downstream.test_check_font_agreements.CheckFsTypeIsNotSet.test_is_fstype_not_set(): OK
$ fontbakery-fix-fstype.py --autofix /home/travis/build/fontdirectory/sharetech/builds/build/ShareTech-Regular.ttf
$ mv /home/travis/build/fontdirectory/sharetech/builds/build/ShareTech-Regular.ttf.fix /home/travis/build/fontdirectory/sharetech/builds/build/ShareTech-Regular.ttf
bakery_lint.tests.downstream.test_check_font_agreements.CheckFontAgreements.test_em_is_1000(): OK
bakery_lint.tests.downstream.test_check_font_agreements.CheckFontAgreements.test_font_is_font(): OK
bakery_lint.tests.downstream.test_check_font_agreements.CheckFontAgreements.test_latin_file_exists(): FAIL
bakery_lint.tests.downstream.test_check_font_agreements.CheckFontAgreements.test_menu_file_exists(): FAIL
bakery_lint.tests.downstream.test_check_magic_prep_code.CheckMagicPREPByteCode.test_prep_magic_code(): OK
bakery_lint.tests.downstream.test_check_unencoded_glyph.TestFontUnencodedGlyph.test_font_unencoded_glyphs(): FAIL
$ fontbakery-fix-glyph-private-encoding.py --autofix /home/travis/build/fontdirectory/sharetech/builds/build/ShareTech-Regular.ttf
$ mv /home/travis/build/fontdirectory/sharetech/builds/build/ShareTech-Regular.ttf.fix /home/travis/build/fontdirectory/sharetech/builds/build/ShareTech-Regular.ttf
bakery_lint.tests.downstream.test_check_unencoded_glyph.TestFontUnencodedGlyph.test_font_unencoded_glyphs(): FAIL
bakery_lint.tests.downstream.test_check_glyph_existence.CheckGlyphExistence.test_euro(): OK
bakery_lint.tests.downstream.test_check_glyph_existence.CheckGlyphExistence.test_nbsp(): OK
bakery_lint.tests.downstream.test_check_glyph_existence.CheckGlyphExistence.test_space(): OK
bakery_lint.tests.downstream.test_check_vertical_metrics.CheckVerticalLinegapMetrics.test_metrics_linegaps_are_zero(): FAIL
$ fontbakery-fix-vertical-metrics.py --autofix /home/travis/build/fontdirectory/sharetech/builds/build/Share-TechExp-Regular.otf /home/travis/build/fontdirectory/sharetech/builds/build/ShareTech-Regular.ttf /home/travis/build/fontdirectory/sharetech/builds/build/Share-Tech-Regular.ttf
$ mv /home/travis/build/fontdirectory/sharetech/builds/build/Share-TechExp-Regular.otf.fix /home/travis/build/fontdirectory/sharetech/builds/build/Share-TechExp-Regular.otf
$ mv /home/travis/build/fontdirectory/sharetech/builds/build/ShareTech-Regular.ttf.fix /home/travis/build/fontdirectory/sharetech/builds/build/ShareTech-Regular.ttf
$ mv /home/travis/build/fontdirectory/sharetech/builds/build/Share-Tech-Regular.ttf.fix /home/travis/build/fontdirectory/sharetech/builds/build/Share-Tech-Regular.ttf
$ fontbakery-fix-vertical-metrics.py /home/travis/build/fontdirectory/sharetech/builds/build/Share-TechExp-Regular.otf /home/travis/build/fontdirectory/sharetech/builds/build/ShareTech-Regular.ttf /home/travis/build/fontdirectory/sharetech/builds/build/Share-Tech-Regular.ttf
Parameter              Share-TechExp-Regular.otf    ShareTech-Regular.ttf    Share-Tech-Regular.ttf    
ymax                   850                          855                      855                       
hhea.ascent            855                          855                      855                       
OS/2.sTypoAscender     855                          855                      855                       
OS/2.usWinAscent       855                          855                      855                       
ymin                   -235                         -235                     -235                      
hhea.descent           -235                         -235                     -235                      
OS/2.sTypoDescender    -235                         -235                     -235                      
OS/2.usWinDescent      235                          235                      235                       
hhea.lineGap           0                            0                        0                         
OS/2.sTypoLineGap      0                            0                        0                         
hhea total             1090                         1090                     1090                      
typo total             1090                         1090                     1090                      
win total              1090                         1090                     1090                      
UPM:Heights            1000:1085                    1000:1090                1000:1090                 
UPM:Heights %          108 %                        109 %                    109 %                     


bakery_lint.tests.downstream.test_check_vertical_metrics.CheckVerticalLinegapMetrics.test_metrics_linegaps_are_zero(): OK
bakery_lint.tests.downstream.test_check_vertical_metrics.CheckVerticalAscentMetrics.test_metrics_ascents_equal_bbox(): OK
bakery_lint.tests.downstream.test_check_vertical_metrics.CheckVerticalDescentMetrics.test_metrics_descents_equal_bbox(): OK
bakery_lint.tests.downstream.test_names_are_ascii_only.CheckNamesAreASCIIOnly.test_check_names_are_ascii_only(): OK
bakery_lint.tests.downstream.test_check_glyf_table_length.CheckGlyfTableLength.test_check_glyf_table_length(): FAIL
bakery_lint.tests.downstream.test_check_os2_width_class.CheckOS2WidthClass.test_check_os2_width_class(): OK
bakery_lint.tests.downstream.test_check_no_problematic_formats.CheckNoProblematicFormats.test_check_no_problematic_formats(): OK
bakery_lint.tests.downstream.test_check_fontname_matches_macstyle.CheckFontNameEqualToMacStyleFlags.test_fontname_is_equal_to_macstyle(): FAIL
bakery_lint.tests.downstream.test_gpos_table_has_kerning_info.CheckGposTableHasKerningInfo.test_gpos_table_has_kerning_info(): OK
The following table(s) in the font have been ignored by FontForge
  Ignoring 'DSIG' digital signature table
bakery_lint.tests.downstream.test_fontforge_validation_state.FontForgeValidateStateTest.test_allowed_numbers_paths_in_composite_glyphs(): OK
bakery_lint.tests.downstream.test_fontforge_validation_state.FontForgeValidateStateTest.test_allowed_numbers_paths_in_glyphs(): OK
bakery_lint.tests.downstream.test_fontforge_validation_state.FontForgeValidateStateTest.test_allowed_numbers_points_in_composite_glyphs(): OK
bakery_lint.tests.downstream.test_fontforge_validation_state.FontForgeValidateStateTest.test_allowed_numbers_points_in_glyphs(): OK
bakery_lint.tests.downstream.test_fontforge_validation_state.FontForgeValidateStateTest.test_duplicate_glyphs(): OK
bakery_lint.tests.downstream.test_fontforge_validation_state.FontForgeValidateStateTest.test_duplicate_unicode_codepoints(): OK
bakery_lint.tests.downstream.test_fontforge_validation_state.FontForgeValidateStateTest.test_flipped_reference_in_glyphs(): OK
bakery_lint.tests.downstream.test_fontforge_validation_state.FontForgeValidateStateTest.test_missing_anchors(): OK
bakery_lint.tests.downstream.test_fontforge_validation_state.FontForgeValidateStateTest.test_missing_extrema_in_glyphs(): OK
bakery_lint.tests.downstream.test_fontforge_validation_state.FontForgeValidateStateTest.test_overlapped_hints(): OK
bakery_lint.tests.downstream.test_fontforge_validation_state.FontForgeValidateStateTest.test_points_are_integer_aligned(): OK
bakery_lint.tests.downstream.test_fontforge_validation_state.FontForgeValidateStateTest.test_points_are_not_too_far_apart(): OK
bakery_lint.tests.downstream.test_fontforge_validation_state.FontForgeValidateStateTest.test_postscript_hasnt_limit_hints_in_glyphs(): OK
bakery_lint.tests.downstream.test_fontforge_validation_state.FontForgeValidateStateTest.test_postscript_hasnt_limit_points_in_glyphs(): OK
bakery_lint.tests.downstream.test_fontforge_validation_state.FontForgeValidateStateTest.test_referenced_glyphs_are_present(): OK
bakery_lint.tests.downstream.test_fontforge_validation_state.FontForgeValidateStateTest.test_valid_glyph_names(): OK
bakery_lint.tests.downstream.test_fontforge_validation_state.FontForgeValidateStateTest.test_valid_length_instructions(): OK
bakery_lint.tests.downstream.test_fontforge_validation_state.FontForgeValidateStateTest.test_validation_glyph_intersect(): FAIL
bakery_lint.tests.downstream.test_fontforge_validation_state.FontForgeValidateStateTest.test_validation_open_contours(): OK
bakery_lint.tests.downstream.test_fontforge_validation_state.FontForgeValidateStateTest.test_wrong_direction_in_glyphs(): OK
### Optimize TTF ShareTech-Regular.ttf
$ ls -l 'ShareTech-Regular.ttf'* # look at the size savings of that subset process
ShareTech-Regular.ttf.opt: 27728 bytes
ShareTech-Regular.ttf: 29616 bytes
$ mv /home/travis/build/fontdirectory/sharetech/builds/build/ShareTech-Regular.ttf.opt /home/travis/build/fontdirectory/sharetech/builds/build/ShareTech-Regular.ttf
### Autohint TTFs (ttfautohint) ShareTech-Regular.ttf
$ ttfautohint -l 7 -r 28 -G 50 -x 13 -w "G" /home/travis/build/fontdirectory/sharetech/builds/build/ShareTech-Regular.ttf '/home/travis/build/fontdirectory/sharetech/builds/build/ShareTech-Regular.autohint.ttf'

$ ls -l /home/travis/build/fontdirectory/sharetech/builds/build/ShareTech-Regular.*ttf # look at the size savings of that subset process
/home/travis/build/fontdirectory/sharetech/builds/build/ShareTech-Regular.ttf: 27728 bytes
/home/travis/build/fontdirectory/sharetech/builds/build/ShareTech-Regular.autohint.ttf: 42844 bytes
$ mv /home/travis/build/fontdirectory/sharetech/builds/build/ShareTech-Regular.autohint.ttf /home/travis/build/fontdirectory/sharetech/builds/build/ShareTech-Regular.ttf
### Subset TTFs (pyftsubset) ShareTech-Regular.ttf
$ pyftsubset ShareTech-Regular.latin
$ pyftsubset ShareTech-Regular.menu
strippedname:/home/travis/build/fontdirectory/sharetech/builds/build/ShareTech-Regular.ttf
$ fontbakery-build-font2ttf.py sources/Share-TechExp-Regular.otf Share-TechExp-Regular.ttf
Success: Generated OpenType-TTF (/home/travis/build/fontdirectory/sharetech/builds/build/Share-TechExp-Regular.ttf)
strippedname:/home/travis/build/fontdirectory/sharetech/builds/build/Share-TechExp-Regular.otf
### Test Share-TechExp-Regular.ttf
$ fontbakery-check.py result Share-TechExp-Regular.ttf
bakery_lint.tests.downstream.test_check_italic_angle_agreement.CheckItalicAngleAgreement.test_check_italic_angle_agreement(): OK
bakery_lint.tests.downstream.test_check_upm_heights_less_120.TestCheckUPMHeightsLess120.test_check_upm_heigths_less_120(): OK
bakery_lint.tests.downstream.test_check_font_tables.CheckFontHasDsigTable.test_check_font_has_dsig_table(): OK
bakery_lint.tests.downstream.test_check_font_tables.CheckFontHasNotKernTable.test_no_kern_table_exists(): OK
bakery_lint.tests.downstream.test_check_name_table_recommendation.CheckStyleNameRecommendation.test_check_stylename_is_under_recommendations(): OK
bakery_lint.tests.downstream.test_check_name_table_recommendation.CheckOTFamilyNameRecommendation.test_check_opentype_familyname(): OK
bakery_lint.tests.downstream.test_check_name_table_recommendation.CheckOTStyleNameRecommendation.test_check_opentype_stylename(): OK
bakery_lint.tests.downstream.test_check_name_table_recommendation.CheckOTFullNameRecommendation.test_check_opentype_fullname(): OK
bakery_lint.tests.downstream.test_check_nbsp_width_matches_sp_width.CheckNbspWidthMatchesSpWidth.test_check_nbsp_width_matches_sp_width(): OK
bakery_lint.tests.downstream.test_check_names_same_across_platforms.CheckNamesSameAcrossPlatforms.test_check_names_same_across_platforms(): OK
bakery_lint.tests.downstream.test_check_panose_identification.CheckPanoseIdentification.test_check_panose_identification(): OK
bakery_lint.tests.downstream.test_check_license_included.CheckLicenseIncluded.test_license_included_in_font_names(): OK
bakery_lint.tests.downstream.test_check_full_font_name_begins_with_family_name.CheckFullFontNameBeginsWithFamilyName.test_check_full_font_name_begins_with_family_name(): OK
bakery_lint.tests.downstream.test_check_unused_glyph_data.CheckUnusedGlyphData.test_check_unused_glyph_data(): ERROR
bakery_lint.tests.downstream.test_gasp_table_value.CheckGaspTableType.test_check_gasp_table_type(): FAIL
$ fontbakery-fix-gasp.py --set=15 /home/travis/build/fontdirectory/sharetech/builds/build/Share-TechExp-Regular.ttf
$ mv /home/travis/build/fontdirectory/sharetech/builds/build/Share-TechExp-Regular.ttf.fix /home/travis/build/fontdirectory/sharetech/builds/build/Share-TechExp-Regular.ttf
bakery_lint.tests.downstream.test_gasp_table_value.CheckGaspTableType.test_check_gasp_table_type(): OK
$ fontbakery-fix-gasp.py --set=15 /home/travis/build/fontdirectory/sharetech/builds/build/Share-TechExp-Regular.ttf
$ mv /home/travis/build/fontdirectory/sharetech/builds/build/Share-TechExp-Regular.ttf.fix /home/travis/build/fontdirectory/sharetech/builds/build/Share-TechExp-Regular.ttf
bakery_lint.tests.downstream.test_check_hmtx_hhea_max_advance_width_agreement.CheckHmtxHheaMaxAdvanceWidthAgreement.test_check_hmtx_hhea_max_advance_width_agreement(): OK
bakery_lint.tests.downstream.test_check_font_agreements.CheckFsTypeIsNotSet.test_is_fstype_not_set(): OK
$ fontbakery-fix-fstype.py --autofix /home/travis/build/fontdirectory/sharetech/builds/build/Share-TechExp-Regular.ttf
$ mv /home/travis/build/fontdirectory/sharetech/builds/build/Share-TechExp-Regular.ttf.fix /home/travis/build/fontdirectory/sharetech/builds/build/Share-TechExp-Regular.ttf
bakery_lint.tests.downstream.test_check_font_agreements.CheckFontAgreements.test_em_is_1000(): OK
bakery_lint.tests.downstream.test_check_font_agreements.CheckFontAgreements.test_font_is_font(): OK
bakery_lint.tests.downstream.test_check_font_agreements.CheckFontAgreements.test_latin_file_exists(): FAIL
bakery_lint.tests.downstream.test_check_font_agreements.CheckFontAgreements.test_menu_file_exists(): FAIL
bakery_lint.tests.downstream.test_check_magic_prep_code.CheckMagicPREPByteCode.test_prep_magic_code(): FAIL
bakery_lint.tests.downstream.test_check_unencoded_glyph.TestFontUnencodedGlyph.test_font_unencoded_glyphs(): FAIL
$ fontbakery-fix-glyph-private-encoding.py --autofix /home/travis/build/fontdirectory/sharetech/builds/build/Share-TechExp-Regular.ttf
$ mv /home/travis/build/fontdirectory/sharetech/builds/build/Share-TechExp-Regular.ttf.fix /home/travis/build/fontdirectory/sharetech/builds/build/Share-TechExp-Regular.ttf
bakery_lint.tests.downstream.test_check_unencoded_glyph.TestFontUnencodedGlyph.test_font_unencoded_glyphs(): FAIL
bakery_lint.tests.downstream.test_check_glyph_existence.CheckGlyphExistence.test_euro(): OK
bakery_lint.tests.downstream.test_check_glyph_existence.CheckGlyphExistence.test_nbsp(): OK
bakery_lint.tests.downstream.test_check_glyph_existence.CheckGlyphExistence.test_space(): OK
bakery_lint.tests.downstream.test_check_vertical_metrics.CheckVerticalLinegapMetrics.test_metrics_linegaps_are_zero(): OK
bakery_lint.tests.downstream.test_check_vertical_metrics.CheckVerticalAscentMetrics.test_metrics_ascents_equal_bbox(): OK
bakery_lint.tests.downstream.test_check_vertical_metrics.CheckVerticalDescentMetrics.test_metrics_descents_equal_bbox(): OK
bakery_lint.tests.downstream.test_names_are_ascii_only.CheckNamesAreASCIIOnly.test_check_names_are_ascii_only(): OK
bakery_lint.tests.downstream.test_check_glyf_table_length.CheckGlyfTableLength.test_check_glyf_table_length(): FAIL
bakery_lint.tests.downstream.test_check_os2_width_class.CheckOS2WidthClass.test_check_os2_width_class(): OK
bakery_lint.tests.downstream.test_check_no_problematic_formats.CheckNoProblematicFormats.test_check_no_problematic_formats(): OK
bakery_lint.tests.downstream.test_check_fontname_matches_macstyle.CheckFontNameEqualToMacStyleFlags.test_fontname_is_equal_to_macstyle(): FAIL
bakery_lint.tests.downstream.test_gpos_table_has_kerning_info.CheckGposTableHasKerningInfo.test_gpos_table_has_kerning_info(): FAIL
The following table(s) in the font have been ignored by FontForge
  Ignoring 'DSIG' digital signature table
bakery_lint.tests.downstream.test_fontforge_validation_state.FontForgeValidateStateTest.test_allowed_numbers_paths_in_composite_glyphs(): OK
bakery_lint.tests.downstream.test_fontforge_validation_state.FontForgeValidateStateTest.test_allowed_numbers_paths_in_glyphs(): OK
bakery_lint.tests.downstream.test_fontforge_validation_state.FontForgeValidateStateTest.test_allowed_numbers_points_in_composite_glyphs(): OK
bakery_lint.tests.downstream.test_fontforge_validation_state.FontForgeValidateStateTest.test_allowed_numbers_points_in_glyphs(): OK
bakery_lint.tests.downstream.test_fontforge_validation_state.FontForgeValidateStateTest.test_duplicate_glyphs(): OK
bakery_lint.tests.downstream.test_fontforge_validation_state.FontForgeValidateStateTest.test_duplicate_unicode_codepoints(): OK
bakery_lint.tests.downstream.test_fontforge_validation_state.FontForgeValidateStateTest.test_flipped_reference_in_glyphs(): OK
bakery_lint.tests.downstream.test_fontforge_validation_state.FontForgeValidateStateTest.test_missing_anchors(): OK
bakery_lint.tests.downstream.test_fontforge_validation_state.FontForgeValidateStateTest.test_missing_extrema_in_glyphs(): OK
bakery_lint.tests.downstream.test_fontforge_validation_state.FontForgeValidateStateTest.test_overlapped_hints(): OK
bakery_lint.tests.downstream.test_fontforge_validation_state.FontForgeValidateStateTest.test_points_are_integer_aligned(): OK
bakery_lint.tests.downstream.test_fontforge_validation_state.FontForgeValidateStateTest.test_points_are_not_too_far_apart(): OK
bakery_lint.tests.downstream.test_fontforge_validation_state.FontForgeValidateStateTest.test_postscript_hasnt_limit_hints_in_glyphs(): OK
bakery_lint.tests.downstream.test_fontforge_validation_state.FontForgeValidateStateTest.test_postscript_hasnt_limit_points_in_glyphs(): OK
bakery_lint.tests.downstream.test_fontforge_validation_state.FontForgeValidateStateTest.test_referenced_glyphs_are_present(): OK
bakery_lint.tests.downstream.test_fontforge_validation_state.FontForgeValidateStateTest.test_valid_glyph_names(): OK
bakery_lint.tests.downstream.test_fontforge_validation_state.FontForgeValidateStateTest.test_valid_length_instructions(): OK
bakery_lint.tests.downstream.test_fontforge_validation_state.FontForgeValidateStateTest.test_validation_glyph_intersect(): OK
bakery_lint.tests.downstream.test_fontforge_validation_state.FontForgeValidateStateTest.test_validation_open_contours(): OK
bakery_lint.tests.downstream.test_fontforge_validation_state.FontForgeValidateStateTest.test_wrong_direction_in_glyphs(): OK
### Optimize TTF Share-TechExp-Regular.ttf
$ ls -l 'Share-TechExp-Regular.ttf'* # look at the size savings of that subset process
Share-TechExp-Regular.ttf.opt: 22824 bytes
Share-TechExp-Regular.ttf: 29080 bytes
$ mv /home/travis/build/fontdirectory/sharetech/builds/build/Share-TechExp-Regular.ttf.opt /home/travis/build/fontdirectory/sharetech/builds/build/Share-TechExp-Regular.ttf
### Autohint TTFs (ttfautohint) Share-TechExp-Regular.ttf
$ ttfautohint -l 7 -r 28 -G 50 -x 13 -w "G" /home/travis/build/fontdirectory/sharetech/builds/build/Share-TechExp-Regular.ttf '/home/travis/build/fontdirectory/sharetech/builds/build/Share-TechExp-Regular.autohint.ttf'

$ ls -l /home/travis/build/fontdirectory/sharetech/builds/build/Share-TechExp-Regular.*ttf # look at the size savings of that subset process
/home/travis/build/fontdirectory/sharetech/builds/build/Share-TechExp-Regular.ttf: 22824 bytes
/home/travis/build/fontdirectory/sharetech/builds/build/Share-TechExp-Regular.autohint.ttf: 34436 bytes
$ mv /home/travis/build/fontdirectory/sharetech/builds/build/Share-TechExp-Regular.autohint.ttf /home/travis/build/fontdirectory/sharetech/builds/build/Share-TechExp-Regular.ttf
### Subset TTFs (pyftsubset) Share-TechExp-Regular.ttf
$ pyftsubset Share-TechExp-Regular.latin
$ pyftsubset Share-TechExp-Regular.menu
strippedname:/home/travis/build/fontdirectory/sharetech/builds/build/Share-TechExp-Regular.ttf
### Test Share-Tech-Regular.ttf
$ fontbakery-check.py result Share-Tech-Regular.ttf
bakery_lint.tests.downstream.test_check_italic_angle_agreement.CheckItalicAngleAgreement.test_check_italic_angle_agreement(): OK
bakery_lint.tests.downstream.test_check_upm_heights_less_120.TestCheckUPMHeightsLess120.test_check_upm_heigths_less_120(): OK
bakery_lint.tests.downstream.test_check_font_tables.CheckFontHasDsigTable.test_check_font_has_dsig_table(): FAIL
$ fontbakery-fix-dsig.py /home/travis/build/fontdirectory/sharetech/builds/build/Share-Tech-Regular.ttf
$ mv /home/travis/build/fontdirectory/sharetech/builds/build/Share-Tech-Regular.ttf.fix /home/travis/build/fontdirectory/sharetech/builds/build/Share-Tech-Regular.ttf
bakery_lint.tests.downstream.test_check_font_tables.CheckFontHasDsigTable.test_check_font_has_dsig_table(): OK
bakery_lint.tests.downstream.test_check_font_tables.CheckFontHasNotKernTable.test_no_kern_table_exists(): OK
bakery_lint.tests.downstream.test_check_name_table_recommendation.CheckStyleNameRecommendation.test_check_stylename_is_under_recommendations(): OK
bakery_lint.tests.downstream.test_check_name_table_recommendation.CheckOTFamilyNameRecommendation.test_check_opentype_familyname(): FAIL
$ fontbakery-fix-opentype-names.py /home/travis/build/fontdirectory/sharetech/builds/build/Share-Tech-Regular.ttf
$ mv /home/travis/build/fontdirectory/sharetech/builds/build/Share-Tech-Regular.ttf.fix /home/travis/build/fontdirectory/sharetech/builds/build/Share-Tech-Regular.ttf
bakery_lint.tests.downstream.test_check_name_table_recommendation.CheckOTFamilyNameRecommendation.test_check_opentype_familyname(): OK
bakery_lint.tests.downstream.test_check_name_table_recommendation.CheckOTStyleNameRecommendation.test_check_opentype_stylename(): OK
bakery_lint.tests.downstream.test_check_name_table_recommendation.CheckOTFullNameRecommendation.test_check_opentype_fullname(): OK
bakery_lint.tests.downstream.test_check_nbsp_width_matches_sp_width.CheckNbspWidthMatchesSpWidth.test_check_nbsp_width_matches_sp_width(): OK
bakery_lint.tests.downstream.test_check_names_same_across_platforms.CheckNamesSameAcrossPlatforms.test_check_names_same_across_platforms(): OK
bakery_lint.tests.downstream.test_check_panose_identification.CheckPanoseIdentification.test_check_panose_identification(): OK
bakery_lint.tests.downstream.test_check_license_included.CheckLicenseIncluded.test_license_included_in_font_names(): OK
bakery_lint.tests.downstream.test_check_full_font_name_begins_with_family_name.CheckFullFontNameBeginsWithFamilyName.test_check_full_font_name_begins_with_family_name(): OK
bakery_lint.tests.downstream.test_check_unused_glyph_data.CheckUnusedGlyphData.test_check_unused_glyph_data(): ERROR
bakery_lint.tests.downstream.test_gasp_table_value.CheckGaspTableType.test_check_gasp_table_type(): FAIL
$ fontbakery-fix-gasp.py --set=15 /home/travis/build/fontdirectory/sharetech/builds/build/Share-Tech-Regular.ttf
no table gasp
$ mv /home/travis/build/fontdirectory/sharetech/builds/build/Share-Tech-Regular.ttf.fix /home/travis/build/fontdirectory/sharetech/builds/build/Share-Tech-Regular.ttf
bakery_lint.tests.downstream.test_gasp_table_value.CheckGaspTableType.test_check_gasp_table_type(): FAIL
bakery_lint.tests.downstream.test_check_hmtx_hhea_max_advance_width_agreement.CheckHmtxHheaMaxAdvanceWidthAgreement.test_check_hmtx_hhea_max_advance_width_agreement(): OK
bakery_lint.tests.downstream.test_check_font_agreements.CheckFsTypeIsNotSet.test_is_fstype_not_set(): OK
$ fontbakery-fix-fstype.py --autofix /home/travis/build/fontdirectory/sharetech/builds/build/Share-Tech-Regular.ttf
$ mv /home/travis/build/fontdirectory/sharetech/builds/build/Share-Tech-Regular.ttf.fix /home/travis/build/fontdirectory/sharetech/builds/build/Share-Tech-Regular.ttf
bakery_lint.tests.downstream.test_check_font_agreements.CheckFontAgreements.test_em_is_1000(): OK
bakery_lint.tests.downstream.test_check_font_agreements.CheckFontAgreements.test_font_is_font(): OK
bakery_lint.tests.downstream.test_check_font_agreements.CheckFontAgreements.test_latin_file_exists(): FAIL
bakery_lint.tests.downstream.test_check_font_agreements.CheckFontAgreements.test_menu_file_exists(): FAIL
bakery_lint.tests.downstream.test_check_magic_prep_code.CheckMagicPREPByteCode.test_prep_magic_code(): FAIL
bakery_lint.tests.downstream.test_check_unencoded_glyph.TestFontUnencodedGlyph.test_font_unencoded_glyphs(): FAIL
$ fontbakery-fix-glyph-private-encoding.py --autofix /home/travis/build/fontdirectory/sharetech/builds/build/Share-Tech-Regular.ttf
$ mv /home/travis/build/fontdirectory/sharetech/builds/build/Share-Tech-Regular.ttf.fix /home/travis/build/fontdirectory/sharetech/builds/build/Share-Tech-Regular.ttf
bakery_lint.tests.downstream.test_check_unencoded_glyph.TestFontUnencodedGlyph.test_font_unencoded_glyphs(): FAIL
bakery_lint.tests.downstream.test_check_glyph_existence.CheckGlyphExistence.test_euro(): OK
bakery_lint.tests.downstream.test_check_glyph_existence.CheckGlyphExistence.test_nbsp(): OK
bakery_lint.tests.downstream.test_check_glyph_existence.CheckGlyphExistence.test_space(): OK
bakery_lint.tests.downstream.test_check_vertical_metrics.CheckVerticalLinegapMetrics.test_metrics_linegaps_are_zero(): OK
bakery_lint.tests.downstream.test_check_vertical_metrics.CheckVerticalAscentMetrics.test_metrics_ascents_equal_bbox(): OK
bakery_lint.tests.downstream.test_check_vertical_metrics.CheckVerticalDescentMetrics.test_metrics_descents_equal_bbox(): OK
bakery_lint.tests.downstream.test_names_are_ascii_only.CheckNamesAreASCIIOnly.test_check_names_are_ascii_only(): OK
bakery_lint.tests.downstream.test_check_glyf_table_length.CheckGlyfTableLength.test_check_glyf_table_length(): FAIL
bakery_lint.tests.downstream.test_check_os2_width_class.CheckOS2WidthClass.test_check_os2_width_class(): OK
bakery_lint.tests.downstream.test_check_no_problematic_formats.CheckNoProblematicFormats.test_check_no_problematic_formats(): OK
bakery_lint.tests.downstream.test_check_fontname_matches_macstyle.CheckFontNameEqualToMacStyleFlags.test_fontname_is_equal_to_macstyle(): FAIL
bakery_lint.tests.downstream.test_gpos_table_has_kerning_info.CheckGposTableHasKerningInfo.test_gpos_table_has_kerning_info(): OK
The following table(s) in the font have been ignored by FontForge
  Ignoring 'DSIG' digital signature table
  Ignoring 'LTSH' linear threshold table
  Ignoring 'VDMX' vertical device metrics table
  Ignoring 'hdmx' horizontal device metrics table
This font contains both a 'kern' table and a 'GPOS' table.
  The 'kern' table will only be read if there is no 'kern' feature in 'GPOS'.
bakery_lint.tests.downstream.test_fontforge_validation_state.FontForgeValidateStateTest.test_allowed_numbers_paths_in_composite_glyphs(): OK
bakery_lint.tests.downstream.test_fontforge_validation_state.FontForgeValidateStateTest.test_allowed_numbers_paths_in_glyphs(): OK
bakery_lint.tests.downstream.test_fontforge_validation_state.FontForgeValidateStateTest.test_allowed_numbers_points_in_composite_glyphs(): OK
bakery_lint.tests.downstream.test_fontforge_validation_state.FontForgeValidateStateTest.test_allowed_numbers_points_in_glyphs(): OK
bakery_lint.tests.downstream.test_fontforge_validation_state.FontForgeValidateStateTest.test_duplicate_glyphs(): OK
bakery_lint.tests.downstream.test_fontforge_validation_state.FontForgeValidateStateTest.test_duplicate_unicode_codepoints(): OK
bakery_lint.tests.downstream.test_fontforge_validation_state.FontForgeValidateStateTest.test_flipped_reference_in_glyphs(): OK
bakery_lint.tests.downstream.test_fontforge_validation_state.FontForgeValidateStateTest.test_missing_anchors(): OK
bakery_lint.tests.downstream.test_fontforge_validation_state.FontForgeValidateStateTest.test_missing_extrema_in_glyphs(): OK
bakery_lint.tests.downstream.test_fontforge_validation_state.FontForgeValidateStateTest.test_overlapped_hints(): OK
bakery_lint.tests.downstream.test_fontforge_validation_state.FontForgeValidateStateTest.test_points_are_integer_aligned(): OK
bakery_lint.tests.downstream.test_fontforge_validation_state.FontForgeValidateStateTest.test_points_are_not_too_far_apart(): OK
bakery_lint.tests.downstream.test_fontforge_validation_state.FontForgeValidateStateTest.test_postscript_hasnt_limit_hints_in_glyphs(): OK
bakery_lint.tests.downstream.test_fontforge_validation_state.FontForgeValidateStateTest.test_postscript_hasnt_limit_points_in_glyphs(): OK
bakery_lint.tests.downstream.test_fontforge_validation_state.FontForgeValidateStateTest.test_referenced_glyphs_are_present(): OK
bakery_lint.tests.downstream.test_fontforge_validation_state.FontForgeValidateStateTest.test_valid_glyph_names(): OK
bakery_lint.tests.downstream.test_fontforge_validation_state.FontForgeValidateStateTest.test_valid_length_instructions(): OK
bakery_lint.tests.downstream.test_fontforge_validation_state.FontForgeValidateStateTest.test_validation_glyph_intersect(): FAIL
bakery_lint.tests.downstream.test_fontforge_validation_state.FontForgeValidateStateTest.test_validation_open_contours(): OK
bakery_lint.tests.downstream.test_fontforge_validation_state.FontForgeValidateStateTest.test_wrong_direction_in_glyphs(): OK
### Optimize TTF Share-Tech-Regular.ttf
$ ls -l 'Share-Tech-Regular.ttf'* # look at the size savings of that subset process
Share-Tech-Regular.ttf.opt: 78756 bytes
Share-Tech-Regular.ttf: 99368 bytes
$ mv /home/travis/build/fontdirectory/sharetech/builds/build/Share-Tech-Regular.ttf.opt /home/travis/build/fontdirectory/sharetech/builds/build/Share-Tech-Regular.ttf
### Autohint TTFs (ttfautohint) Share-Tech-Regular.ttf
$ ttfautohint -l 7 -r 28 -G 50 -x 13 -w "G" /home/travis/build/fontdirectory/sharetech/builds/build/Share-Tech-Regular.ttf '/home/travis/build/fontdirectory/sharetech/builds/build/Share-Tech-Regular.autohint.ttf'

$ ls -l /home/travis/build/fontdirectory/sharetech/builds/build/Share-Tech-Regular.*ttf # look at the size savings of that subset process
/home/travis/build/fontdirectory/sharetech/builds/build/Share-Tech-Regular.ttf: 78756 bytes
/home/travis/build/fontdirectory/sharetech/builds/build/Share-Tech-Regular.autohint.ttf: 61708 bytes
$ mv /home/travis/build/fontdirectory/sharetech/builds/build/Share-Tech-Regular.autohint.ttf /home/travis/build/fontdirectory/sharetech/builds/build/Share-Tech-Regular.ttf
### Subset TTFs (pyftsubset) Share-Tech-Regular.ttf
$ pyftsubset Share-Tech-Regular.latin
$ pyftsubset Share-Tech-Regular.menu
strippedname:/home/travis/build/fontdirectory/sharetech/builds/build/Share-Tech-Regular.ttf
$ fontbakery-build-font2ttf.py sources/ShareTechMono-Regularo-TTF.sfd ShareTechMono-Regularo-TTF.ttf
Success: Generated OpenType-TTF (/home/travis/build/fontdirectory/sharetech/builds/build/ShareTechMono-Regularo-TTF.ttf)
### Test ShareTechMono-Regularo-TTF.ttf
$ fontbakery-check.py result ShareTechMono-Regularo-TTF.ttf
bakery_lint.tests.downstream.test_check_italic_angle_agreement.CheckItalicAngleAgreement.test_check_italic_angle_agreement(): OK
bakery_lint.tests.downstream.test_check_upm_heights_less_120.TestCheckUPMHeightsLess120.test_check_upm_heigths_less_120(): OK
bakery_lint.tests.downstream.test_check_font_tables.CheckFontHasDsigTable.test_check_font_has_dsig_table(): OK
bakery_lint.tests.downstream.test_check_font_tables.CheckFontHasNotKernTable.test_no_kern_table_exists(): OK
bakery_lint.tests.downstream.test_check_name_table_recommendation.CheckStyleNameRecommendation.test_check_stylename_is_under_recommendations(): OK
bakery_lint.tests.downstream.test_check_name_table_recommendation.CheckOTFamilyNameRecommendation.test_check_opentype_familyname(): FAIL
$ fontbakery-fix-opentype-names.py /home/travis/build/fontdirectory/sharetech/builds/build/ShareTechMono-Regularo-TTF.ttf
$ mv /home/travis/build/fontdirectory/sharetech/builds/build/ShareTechMono-Regularo-TTF.ttf.fix /home/travis/build/fontdirectory/sharetech/builds/build/ShareTechMono-Regularo-TTF.ttf
bakery_lint.tests.downstream.test_check_name_table_recommendation.CheckOTFamilyNameRecommendation.test_check_opentype_familyname(): OK
bakery_lint.tests.downstream.test_check_name_table_recommendation.CheckOTStyleNameRecommendation.test_check_opentype_stylename(): OK
bakery_lint.tests.downstream.test_check_name_table_recommendation.CheckOTFullNameRecommendation.test_check_opentype_fullname(): OK
bakery_lint.tests.downstream.test_check_nbsp_width_matches_sp_width.CheckNbspWidthMatchesSpWidth.test_check_nbsp_width_matches_sp_width(): OK
bakery_lint.tests.downstream.test_check_names_same_across_platforms.CheckNamesSameAcrossPlatforms.test_check_names_same_across_platforms(): OK
bakery_lint.tests.downstream.test_check_panose_identification.CheckPanoseIdentification.test_check_panose_identification(): ERROR
bakery_lint.tests.downstream.test_check_license_included.CheckLicenseIncluded.test_license_included_in_font_names(): OK
bakery_lint.tests.downstream.test_check_full_font_name_begins_with_family_name.CheckFullFontNameBeginsWithFamilyName.test_check_full_font_name_begins_with_family_name(): OK
bakery_lint.tests.downstream.test_check_unused_glyph_data.CheckUnusedGlyphData.test_check_unused_glyph_data(): ERROR
bakery_lint.tests.downstream.test_gasp_table_value.CheckGaspTableType.test_check_gasp_table_type(): FAIL
$ fontbakery-fix-gasp.py --set=15 /home/travis/build/fontdirectory/sharetech/builds/build/ShareTechMono-Regularo-TTF.ttf
$ mv /home/travis/build/fontdirectory/sharetech/builds/build/ShareTechMono-Regularo-TTF.ttf.fix /home/travis/build/fontdirectory/sharetech/builds/build/ShareTechMono-Regularo-TTF.ttf
bakery_lint.tests.downstream.test_gasp_table_value.CheckGaspTableType.test_check_gasp_table_type(): OK
$ fontbakery-fix-gasp.py --set=15 /home/travis/build/fontdirectory/sharetech/builds/build/ShareTechMono-Regularo-TTF.ttf
$ mv /home/travis/build/fontdirectory/sharetech/builds/build/ShareTechMono-Regularo-TTF.ttf.fix /home/travis/build/fontdirectory/sharetech/builds/build/ShareTechMono-Regularo-TTF.ttf
bakery_lint.tests.downstream.test_check_hmtx_hhea_max_advance_width_agreement.CheckHmtxHheaMaxAdvanceWidthAgreement.test_check_hmtx_hhea_max_advance_width_agreement(): OK
bakery_lint.tests.downstream.test_check_font_agreements.CheckFsTypeIsNotSet.test_is_fstype_not_set(): OK
$ fontbakery-fix-fstype.py --autofix /home/travis/build/fontdirectory/sharetech/builds/build/ShareTechMono-Regularo-TTF.ttf
$ mv /home/travis/build/fontdirectory/sharetech/builds/build/ShareTechMono-Regularo-TTF.ttf.fix /home/travis/build/fontdirectory/sharetech/builds/build/ShareTechMono-Regularo-TTF.ttf
bakery_lint.tests.downstream.test_check_font_agreements.CheckFontAgreements.test_em_is_1000(): OK
bakery_lint.tests.downstream.test_check_font_agreements.CheckFontAgreements.test_font_is_font(): OK
bakery_lint.tests.downstream.test_check_font_agreements.CheckFontAgreements.test_latin_file_exists(): FAIL
bakery_lint.tests.downstream.test_check_font_agreements.CheckFontAgreements.test_menu_file_exists(): FAIL
bakery_lint.tests.downstream.test_check_magic_prep_code.CheckMagicPREPByteCode.test_prep_magic_code(): FAIL
bakery_lint.tests.downstream.test_check_unencoded_glyph.TestFontUnencodedGlyph.test_font_unencoded_glyphs(): FAIL
$ fontbakery-fix-glyph-private-encoding.py --autofix /home/travis/build/fontdirectory/sharetech/builds/build/ShareTechMono-Regularo-TTF.ttf
$ mv /home/travis/build/fontdirectory/sharetech/builds/build/ShareTechMono-Regularo-TTF.ttf.fix /home/travis/build/fontdirectory/sharetech/builds/build/ShareTechMono-Regularo-TTF.ttf
bakery_lint.tests.downstream.test_check_unencoded_glyph.TestFontUnencodedGlyph.test_font_unencoded_glyphs(): FAIL
bakery_lint.tests.downstream.test_check_glyph_existence.CheckGlyphExistence.test_euro(): OK
bakery_lint.tests.downstream.test_check_glyph_existence.CheckGlyphExistence.test_nbsp(): OK
bakery_lint.tests.downstream.test_check_glyph_existence.CheckGlyphExistence.test_space(): OK
bakery_lint.tests.downstream.test_check_vertical_metrics.CheckVerticalLinegapMetrics.test_metrics_linegaps_are_zero(): FAIL
$ fontbakery-fix-vertical-metrics.py --autofix /home/travis/build/fontdirectory/sharetech/builds/build/ShareTech-Regular.ttf /home/travis/build/fontdirectory/sharetech/builds/build/Share-TechExp-Regular.ttf /home/travis/build/fontdirectory/sharetech/builds/build/Share-Tech-Regular.ttf /home/travis/build/fontdirectory/sharetech/builds/build/ShareTechMono-Regularo-TTF.ttf
$ mv /home/travis/build/fontdirectory/sharetech/builds/build/ShareTech-Regular.ttf.fix /home/travis/build/fontdirectory/sharetech/builds/build/ShareTech-Regular.ttf
$ mv /home/travis/build/fontdirectory/sharetech/builds/build/Share-TechExp-Regular.ttf.fix /home/travis/build/fontdirectory/sharetech/builds/build/Share-TechExp-Regular.ttf
$ mv /home/travis/build/fontdirectory/sharetech/builds/build/Share-Tech-Regular.ttf.fix /home/travis/build/fontdirectory/sharetech/builds/build/Share-Tech-Regular.ttf
$ mv /home/travis/build/fontdirectory/sharetech/builds/build/ShareTechMono-Regularo-TTF.ttf.fix /home/travis/build/fontdirectory/sharetech/builds/build/ShareTechMono-Regularo-TTF.ttf
$ fontbakery-fix-vertical-metrics.py /home/travis/build/fontdirectory/sharetech/builds/build/ShareTech-Regular.ttf /home/travis/build/fontdirectory/sharetech/builds/build/Share-TechExp-Regular.ttf /home/travis/build/fontdirectory/sharetech/builds/build/Share-Tech-Regular.ttf /home/travis/build/fontdirectory/sharetech/builds/build/ShareTechMono-Regularo-TTF.ttf
Parameter              ShareTech-Regular.ttf    Share-TechExp-Regular.ttf    Share-Tech-Regular.ttf    ShareTechMono-Regularo-TTF.ttf    
ymax                   855                      850                          855                       855                               
hhea.ascent            855                      855                          855                       855                               
OS/2.sTypoAscender     855                      855                          855                       855                               
OS/2.usWinAscent       855                      855                          855                       855                               
ymin                   -235                     -235                         -235                      -235                              
hhea.descent           -235                     -235                         -235                      -235                              
OS/2.sTypoDescender    -235                     -235                         -235                      -235                              
OS/2.usWinDescent      235                      235                          235                       235                               
hhea.lineGap           0                        0                            0                         0                                 
OS/2.sTypoLineGap      0                        0                            0                         0                                 
hhea total             1090                     1090                         1090                      1090                              
typo total             1090                     1090                         1090                      1090                              
win total              1090                     1090                         1090                      1090                              
UPM:Heights            1000:1090                1000:1085                    1000:1090                 1000:1090                         
UPM:Heights %          109 %                    108 %                        109 %                     109 %                             


bakery_lint.tests.downstream.test_check_vertical_metrics.CheckVerticalLinegapMetrics.test_metrics_linegaps_are_zero(): OK
bakery_lint.tests.downstream.test_check_vertical_metrics.CheckVerticalAscentMetrics.test_metrics_ascents_equal_bbox(): OK
bakery_lint.tests.downstream.test_check_vertical_metrics.CheckVerticalDescentMetrics.test_metrics_descents_equal_bbox(): OK
bakery_lint.tests.downstream.test_names_are_ascii_only.CheckNamesAreASCIIOnly.test_check_names_are_ascii_only(): OK
bakery_lint.tests.downstream.test_check_glyf_table_length.CheckGlyfTableLength.test_check_glyf_table_length(): FAIL
bakery_lint.tests.downstream.test_check_os2_width_class.CheckOS2WidthClass.test_check_os2_width_class(): OK
bakery_lint.tests.downstream.test_check_no_problematic_formats.CheckNoProblematicFormats.test_check_no_problematic_formats(): OK
bakery_lint.tests.downstream.test_check_fontname_matches_macstyle.CheckFontNameEqualToMacStyleFlags.test_fontname_is_equal_to_macstyle(): FAIL
bakery_lint.tests.downstream.test_gpos_table_has_kerning_info.CheckGposTableHasKerningInfo.test_gpos_table_has_kerning_info(): FAIL
The following table(s) in the font have been ignored by FontForge
  Ignoring 'DSIG' digital signature table
bakery_lint.tests.downstream.test_fontforge_validation_state.FontForgeValidateStateTest.test_allowed_numbers_paths_in_composite_glyphs(): OK
bakery_lint.tests.downstream.test_fontforge_validation_state.FontForgeValidateStateTest.test_allowed_numbers_paths_in_glyphs(): OK
bakery_lint.tests.downstream.test_fontforge_validation_state.FontForgeValidateStateTest.test_allowed_numbers_points_in_composite_glyphs(): OK
bakery_lint.tests.downstream.test_fontforge_validation_state.FontForgeValidateStateTest.test_allowed_numbers_points_in_glyphs(): OK
bakery_lint.tests.downstream.test_fontforge_validation_state.FontForgeValidateStateTest.test_duplicate_glyphs(): OK
bakery_lint.tests.downstream.test_fontforge_validation_state.FontForgeValidateStateTest.test_duplicate_unicode_codepoints(): OK
bakery_lint.tests.downstream.test_fontforge_validation_state.FontForgeValidateStateTest.test_flipped_reference_in_glyphs(): OK
bakery_lint.tests.downstream.test_fontforge_validation_state.FontForgeValidateStateTest.test_missing_anchors(): OK
bakery_lint.tests.downstream.test_fontforge_validation_state.FontForgeValidateStateTest.test_missing_extrema_in_glyphs(): OK
bakery_lint.tests.downstream.test_fontforge_validation_state.FontForgeValidateStateTest.test_overlapped_hints(): OK
bakery_lint.tests.downstream.test_fontforge_validation_state.FontForgeValidateStateTest.test_points_are_integer_aligned(): OK
bakery_lint.tests.downstream.test_fontforge_validation_state.FontForgeValidateStateTest.test_points_are_not_too_far_apart(): OK
bakery_lint.tests.downstream.test_fontforge_validation_state.FontForgeValidateStateTest.test_postscript_hasnt_limit_hints_in_glyphs(): OK
bakery_lint.tests.downstream.test_fontforge_validation_state.FontForgeValidateStateTest.test_postscript_hasnt_limit_points_in_glyphs(): OK
bakery_lint.tests.downstream.test_fontforge_validation_state.FontForgeValidateStateTest.test_referenced_glyphs_are_present(): OK
bakery_lint.tests.downstream.test_fontforge_validation_state.FontForgeValidateStateTest.test_valid_glyph_names(): OK
bakery_lint.tests.downstream.test_fontforge_validation_state.FontForgeValidateStateTest.test_valid_length_instructions(): OK
bakery_lint.tests.downstream.test_fontforge_validation_state.FontForgeValidateStateTest.test_validation_glyph_intersect(): OK
bakery_lint.tests.downstream.test_fontforge_validation_state.FontForgeValidateStateTest.test_validation_open_contours(): OK
bakery_lint.tests.downstream.test_fontforge_validation_state.FontForgeValidateStateTest.test_wrong_direction_in_glyphs(): OK
### Optimize TTF ShareTechMono-Regularo-TTF.ttf
$ ls -l 'ShareTechMono-Regularo-TTF.ttf'* # look at the size savings of that subset process
ShareTechMono-Regularo-TTF.ttf.opt: 31372 bytes
ShareTechMono-Regularo-TTF.ttf: 37608 bytes
$ mv /home/travis/build/fontdirectory/sharetech/builds/build/ShareTechMono-Regularo-TTF.ttf.opt /home/travis/build/fontdirectory/sharetech/builds/build/ShareTechMono-Regularo-TTF.ttf
### Autohint TTFs (ttfautohint) ShareTechMono-Regularo-TTF.ttf
$ ttfautohint -l 7 -r 28 -G 50 -x 13 -w "G" /home/travis/build/fontdirectory/sharetech/builds/build/ShareTechMono-Regularo-TTF.ttf '/home/travis/build/fontdirectory/sharetech/builds/build/ShareTechMono-Regularo-TTF.autohint.ttf'

$ ls -l /home/travis/build/fontdirectory/sharetech/builds/build/ShareTechMono-Regularo-TTF.*ttf # look at the size savings of that subset process
/home/travis/build/fontdirectory/sharetech/builds/build/ShareTechMono-Regularo-TTF.ttf: 31372 bytes
/home/travis/build/fontdirectory/sharetech/builds/build/ShareTechMono-Regularo-TTF.autohint.ttf: 47300 bytes
$ mv /home/travis/build/fontdirectory/sharetech/builds/build/ShareTechMono-Regularo-TTF.autohint.ttf /home/travis/build/fontdirectory/sharetech/builds/build/ShareTechMono-Regularo-TTF.ttf
### Subset TTFs (pyftsubset) ShareTechMono-Regularo-TTF.ttf
$ pyftsubset ShareTechMono-Regularo-TTF.latin
$ pyftsubset ShareTechMono-Regularo-TTF.menu
strippedname:/home/travis/build/fontdirectory/sharetech/builds/build/ShareTechMono-Regularo-TTF.ttf
$ fontbakery-build-font2ttf.py sources/ShareTech-Regular-TTF.sfd ShareTech-Regular-TTF.ttf
Success: Generated OpenType-TTF (/home/travis/build/fontdirectory/sharetech/builds/build/ShareTech-Regular-TTF.ttf)
### Test ShareTech-Regular-TTF.ttf
$ fontbakery-check.py result ShareTech-Regular-TTF.ttf
bakery_lint.tests.downstream.test_check_italic_angle_agreement.CheckItalicAngleAgreement.test_check_italic_angle_agreement(): OK
bakery_lint.tests.downstream.test_check_upm_heights_less_120.TestCheckUPMHeightsLess120.test_check_upm_heigths_less_120(): OK
bakery_lint.tests.downstream.test_check_font_tables.CheckFontHasDsigTable.test_check_font_has_dsig_table(): OK
bakery_lint.tests.downstream.test_check_font_tables.CheckFontHasNotKernTable.test_no_kern_table_exists(): OK
bakery_lint.tests.downstream.test_check_name_table_recommendation.CheckStyleNameRecommendation.test_check_stylename_is_under_recommendations(): OK
bakery_lint.tests.downstream.test_check_name_table_recommendation.CheckOTFamilyNameRecommendation.test_check_opentype_familyname(): FAIL
$ fontbakery-fix-opentype-names.py /home/travis/build/fontdirectory/sharetech/builds/build/ShareTech-Regular-TTF.ttf
$ mv /home/travis/build/fontdirectory/sharetech/builds/build/ShareTech-Regular-TTF.ttf.fix /home/travis/build/fontdirectory/sharetech/builds/build/ShareTech-Regular-TTF.ttf
bakery_lint.tests.downstream.test_check_name_table_recommendation.CheckOTFamilyNameRecommendation.test_check_opentype_familyname(): OK
bakery_lint.tests.downstream.test_check_name_table_recommendation.CheckOTStyleNameRecommendation.test_check_opentype_stylename(): OK
bakery_lint.tests.downstream.test_check_name_table_recommendation.CheckOTFullNameRecommendation.test_check_opentype_fullname(): OK
bakery_lint.tests.downstream.test_check_nbsp_width_matches_sp_width.CheckNbspWidthMatchesSpWidth.test_check_nbsp_width_matches_sp_width(): OK
bakery_lint.tests.downstream.test_check_names_same_across_platforms.CheckNamesSameAcrossPlatforms.test_check_names_same_across_platforms(): OK
bakery_lint.tests.downstream.test_check_panose_identification.CheckPanoseIdentification.test_check_panose_identification(): OK
bakery_lint.tests.downstream.test_check_license_included.CheckLicenseIncluded.test_license_included_in_font_names(): OK
bakery_lint.tests.downstream.test_check_full_font_name_begins_with_family_name.CheckFullFontNameBeginsWithFamilyName.test_check_full_font_name_begins_with_family_name(): OK
bakery_lint.tests.downstream.test_check_unused_glyph_data.CheckUnusedGlyphData.test_check_unused_glyph_data(): ERROR
bakery_lint.tests.downstream.test_gasp_table_value.CheckGaspTableType.test_check_gasp_table_type(): OK
$ fontbakery-fix-gasp.py --set=15 /home/travis/build/fontdirectory/sharetech/builds/build/ShareTech-Regular-TTF.ttf
$ mv /home/travis/build/fontdirectory/sharetech/builds/build/ShareTech-Regular-TTF.ttf.fix /home/travis/build/fontdirectory/sharetech/builds/build/ShareTech-Regular-TTF.ttf
bakery_lint.tests.downstream.test_check_hmtx_hhea_max_advance_width_agreement.CheckHmtxHheaMaxAdvanceWidthAgreement.test_check_hmtx_hhea_max_advance_width_agreement(): OK
bakery_lint.tests.downstream.test_check_font_agreements.CheckFsTypeIsNotSet.test_is_fstype_not_set(): OK
$ fontbakery-fix-fstype.py --autofix /home/travis/build/fontdirectory/sharetech/builds/build/ShareTech-Regular-TTF.ttf
$ mv /home/travis/build/fontdirectory/sharetech/builds/build/ShareTech-Regular-TTF.ttf.fix /home/travis/build/fontdirectory/sharetech/builds/build/ShareTech-Regular-TTF.ttf
bakery_lint.tests.downstream.test_check_font_agreements.CheckFontAgreements.test_em_is_1000(): OK
bakery_lint.tests.downstream.test_check_font_agreements.CheckFontAgreements.test_font_is_font(): OK
bakery_lint.tests.downstream.test_check_font_agreements.CheckFontAgreements.test_latin_file_exists(): FAIL
bakery_lint.tests.downstream.test_check_font_agreements.CheckFontAgreements.test_menu_file_exists(): FAIL
bakery_lint.tests.downstream.test_check_magic_prep_code.CheckMagicPREPByteCode.test_prep_magic_code(): OK
bakery_lint.tests.downstream.test_check_unencoded_glyph.TestFontUnencodedGlyph.test_font_unencoded_glyphs(): FAIL
$ fontbakery-fix-glyph-private-encoding.py --autofix /home/travis/build/fontdirectory/sharetech/builds/build/ShareTech-Regular-TTF.ttf
$ mv /home/travis/build/fontdirectory/sharetech/builds/build/ShareTech-Regular-TTF.ttf.fix /home/travis/build/fontdirectory/sharetech/builds/build/ShareTech-Regular-TTF.ttf
bakery_lint.tests.downstream.test_check_unencoded_glyph.TestFontUnencodedGlyph.test_font_unencoded_glyphs(): FAIL
bakery_lint.tests.downstream.test_check_glyph_existence.CheckGlyphExistence.test_euro(): OK
bakery_lint.tests.downstream.test_check_glyph_existence.CheckGlyphExistence.test_nbsp(): OK
bakery_lint.tests.downstream.test_check_glyph_existence.CheckGlyphExistence.test_space(): OK
bakery_lint.tests.downstream.test_check_vertical_metrics.CheckVerticalLinegapMetrics.test_metrics_linegaps_are_zero(): OK
bakery_lint.tests.downstream.test_check_vertical_metrics.CheckVerticalAscentMetrics.test_metrics_ascents_equal_bbox(): FAIL
$ fontbakery-fix-vertical-metrics.py --autofix /home/travis/build/fontdirectory/sharetech/builds/build/ShareTech-Regular.ttf /home/travis/build/fontdirectory/sharetech/builds/build/ShareTech-Regular-TTF.ttf /home/travis/build/fontdirectory/sharetech/builds/build/Share-TechExp-Regular.ttf /home/travis/build/fontdirectory/sharetech/builds/build/Share-Tech-Regular.ttf /home/travis/build/fontdirectory/sharetech/builds/build/ShareTechMono-Regularo-TTF.ttf
$ mv /home/travis/build/fontdirectory/sharetech/builds/build/ShareTech-Regular.ttf.fix /home/travis/build/fontdirectory/sharetech/builds/build/ShareTech-Regular.ttf
$ mv /home/travis/build/fontdirectory/sharetech/builds/build/ShareTech-Regular-TTF.ttf.fix /home/travis/build/fontdirectory/sharetech/builds/build/ShareTech-Regular-TTF.ttf
$ mv /home/travis/build/fontdirectory/sharetech/builds/build/Share-TechExp-Regular.ttf.fix /home/travis/build/fontdirectory/sharetech/builds/build/Share-TechExp-Regular.ttf
$ mv /home/travis/build/fontdirectory/sharetech/builds/build/Share-Tech-Regular.ttf.fix /home/travis/build/fontdirectory/sharetech/builds/build/Share-Tech-Regular.ttf
$ mv /home/travis/build/fontdirectory/sharetech/builds/build/ShareTechMono-Regularo-TTF.ttf.fix /home/travis/build/fontdirectory/sharetech/builds/build/ShareTechMono-Regularo-TTF.ttf
$ fontbakery-fix-vertical-metrics.py /home/travis/build/fontdirectory/sharetech/builds/build/ShareTech-Regular.ttf /home/travis/build/fontdirectory/sharetech/builds/build/ShareTech-Regular-TTF.ttf /home/travis/build/fontdirectory/sharetech/builds/build/Share-TechExp-Regular.ttf /home/travis/build/fontdirectory/sharetech/builds/build/Share-Tech-Regular.ttf /home/travis/build/fontdirectory/sharetech/builds/build/ShareTechMono-Regularo-TTF.ttf
Parameter              ShareTech-Regular.ttf    ShareTech-Regular-TTF.ttf    Share-TechExp-Regular.ttf    Share-Tech-Regular.ttf    ShareTechMono-Regularo-TTF.ttf    
ymax                   855                      855                          850                          855                       855                               
hhea.ascent            855                      855                          855                          855                       855                               
OS/2.sTypoAscender     855                      855                          855                          855                       855                               
OS/2.usWinAscent       855                      855                          855                          855                       855                               
ymin                   -235                     -235                         -235                         -235                      -235                              
hhea.descent           -235                     -235                         -235                         -235                      -235                              
OS/2.sTypoDescender    -235                     -235                         -235                         -235                      -235                              
OS/2.usWinDescent      235                      235                          235                          235                       235                               
hhea.lineGap           0                        0                            0                            0                         0                                 
OS/2.sTypoLineGap      0                        0                            0                            0                         0                                 
hhea total             1090                     1090                         1090                         1090                      1090                              
typo total             1090                     1090                         1090                         1090                      1090                              
win total              1090                     1090                         1090                         1090                      1090                              
UPM:Heights            1000:1090                1000:1090                    1000:1085                    1000:1090                 1000:1090                         
UPM:Heights %          109 %                    109 %                        108 %                        109 %                     109 %                             


bakery_lint.tests.downstream.test_check_vertical_metrics.CheckVerticalAscentMetrics.test_metrics_ascents_equal_bbox(): OK
bakery_lint.tests.downstream.test_check_vertical_metrics.CheckVerticalDescentMetrics.test_metrics_descents_equal_bbox(): OK
bakery_lint.tests.downstream.test_names_are_ascii_only.CheckNamesAreASCIIOnly.test_check_names_are_ascii_only(): OK
bakery_lint.tests.downstream.test_check_glyf_table_length.CheckGlyfTableLength.test_check_glyf_table_length(): FAIL
bakery_lint.tests.downstream.test_check_os2_width_class.CheckOS2WidthClass.test_check_os2_width_class(): OK
bakery_lint.tests.downstream.test_check_no_problematic_formats.CheckNoProblematicFormats.test_check_no_problematic_formats(): OK
bakery_lint.tests.downstream.test_check_fontname_matches_macstyle.CheckFontNameEqualToMacStyleFlags.test_fontname_is_equal_to_macstyle(): FAIL
bakery_lint.tests.downstream.test_gpos_table_has_kerning_info.CheckGposTableHasKerningInfo.test_gpos_table_has_kerning_info(): OK
The following table(s) in the font have been ignored by FontForge
  Ignoring 'DSIG' digital signature table
bakery_lint.tests.downstream.test_fontforge_validation_state.FontForgeValidateStateTest.test_allowed_numbers_paths_in_composite_glyphs(): OK
bakery_lint.tests.downstream.test_fontforge_validation_state.FontForgeValidateStateTest.test_allowed_numbers_paths_in_glyphs(): OK
bakery_lint.tests.downstream.test_fontforge_validation_state.FontForgeValidateStateTest.test_allowed_numbers_points_in_composite_glyphs(): OK
bakery_lint.tests.downstream.test_fontforge_validation_state.FontForgeValidateStateTest.test_allowed_numbers_points_in_glyphs(): OK
bakery_lint.tests.downstream.test_fontforge_validation_state.FontForgeValidateStateTest.test_duplicate_glyphs(): OK
bakery_lint.tests.downstream.test_fontforge_validation_state.FontForgeValidateStateTest.test_duplicate_unicode_codepoints(): OK
bakery_lint.tests.downstream.test_fontforge_validation_state.FontForgeValidateStateTest.test_flipped_reference_in_glyphs(): OK
bakery_lint.tests.downstream.test_fontforge_validation_state.FontForgeValidateStateTest.test_missing_anchors(): OK
bakery_lint.tests.downstream.test_fontforge_validation_state.FontForgeValidateStateTest.test_missing_extrema_in_glyphs(): OK
bakery_lint.tests.downstream.test_fontforge_validation_state.FontForgeValidateStateTest.test_overlapped_hints(): OK
bakery_lint.tests.downstream.test_fontforge_validation_state.FontForgeValidateStateTest.test_points_are_integer_aligned(): OK
bakery_lint.tests.downstream.test_fontforge_validation_state.FontForgeValidateStateTest.test_points_are_not_too_far_apart(): OK
bakery_lint.tests.downstream.test_fontforge_validation_state.FontForgeValidateStateTest.test_postscript_hasnt_limit_hints_in_glyphs(): OK
bakery_lint.tests.downstream.test_fontforge_validation_state.FontForgeValidateStateTest.test_postscript_hasnt_limit_points_in_glyphs(): OK
bakery_lint.tests.downstream.test_fontforge_validation_state.FontForgeValidateStateTest.test_referenced_glyphs_are_present(): OK
bakery_lint.tests.downstream.test_fontforge_validation_state.FontForgeValidateStateTest.test_valid_glyph_names(): OK
bakery_lint.tests.downstream.test_fontforge_validation_state.FontForgeValidateStateTest.test_valid_length_instructions(): OK
bakery_lint.tests.downstream.test_fontforge_validation_state.FontForgeValidateStateTest.test_validation_glyph_intersect(): FAIL
bakery_lint.tests.downstream.test_fontforge_validation_state.FontForgeValidateStateTest.test_validation_open_contours(): OK
bakery_lint.tests.downstream.test_fontforge_validation_state.FontForgeValidateStateTest.test_wrong_direction_in_glyphs(): OK
### Optimize TTF ShareTech-Regular-TTF.ttf
$ ls -l 'ShareTech-Regular-TTF.ttf'* # look at the size savings of that subset process
ShareTech-Regular-TTF.ttf.opt: 27652 bytes
ShareTech-Regular-TTF.ttf: 29872 bytes
$ mv /home/travis/build/fontdirectory/sharetech/builds/build/ShareTech-Regular-TTF.ttf.opt /home/travis/build/fontdirectory/sharetech/builds/build/ShareTech-Regular-TTF.ttf
### Autohint TTFs (ttfautohint) ShareTech-Regular-TTF.ttf
$ ttfautohint -l 7 -r 28 -G 50 -x 13 -w "G" /home/travis/build/fontdirectory/sharetech/builds/build/ShareTech-Regular-TTF.ttf '/home/travis/build/fontdirectory/sharetech/builds/build/ShareTech-Regular-TTF.autohint.ttf'

$ ls -l /home/travis/build/fontdirectory/sharetech/builds/build/ShareTech-Regular-TTF.*ttf # look at the size savings of that subset process
/home/travis/build/fontdirectory/sharetech/builds/build/ShareTech-Regular-TTF.ttf: 27652 bytes
/home/travis/build/fontdirectory/sharetech/builds/build/ShareTech-Regular-TTF.autohint.ttf: 42856 bytes
$ mv /home/travis/build/fontdirectory/sharetech/builds/build/ShareTech-Regular-TTF.autohint.ttf /home/travis/build/fontdirectory/sharetech/builds/build/ShareTech-Regular-TTF.ttf
### Subset TTFs (pyftsubset) ShareTech-Regular-TTF.ttf
$ pyftsubset ShareTech-Regular-TTF.latin
$ pyftsubset ShareTech-Regular-TTF.menu
strippedname:/home/travis/build/fontdirectory/sharetech/builds/build/ShareTech-Regular-TTF.ttf
$ fontbakery-build-font2ttf.py sources/ShareTechMono-Regular-TTF.sfd ShareTechMono-Regular-TTF.ttf
Success: Generated OpenType-TTF (/home/travis/build/fontdirectory/sharetech/builds/build/ShareTechMono-Regular-TTF.ttf)
### Test ShareTechMono-Regular-TTF.ttf
$ fontbakery-check.py result ShareTechMono-Regular-TTF.ttf
bakery_lint.tests.downstream.test_check_italic_angle_agreement.CheckItalicAngleAgreement.test_check_italic_angle_agreement(): OK
bakery_lint.tests.downstream.test_check_upm_heights_less_120.TestCheckUPMHeightsLess120.test_check_upm_heigths_less_120(): OK
bakery_lint.tests.downstream.test_check_font_tables.CheckFontHasDsigTable.test_check_font_has_dsig_table(): OK
bakery_lint.tests.downstream.test_check_font_tables.CheckFontHasNotKernTable.test_no_kern_table_exists(): OK
bakery_lint.tests.downstream.test_check_name_table_recommendation.CheckStyleNameRecommendation.test_check_stylename_is_under_recommendations(): OK
bakery_lint.tests.downstream.test_check_name_table_recommendation.CheckOTFamilyNameRecommendation.test_check_opentype_familyname(): FAIL
$ fontbakery-fix-opentype-names.py /home/travis/build/fontdirectory/sharetech/builds/build/ShareTechMono-Regular-TTF.ttf
$ mv /home/travis/build/fontdirectory/sharetech/builds/build/ShareTechMono-Regular-TTF.ttf.fix /home/travis/build/fontdirectory/sharetech/builds/build/ShareTechMono-Regular-TTF.ttf
bakery_lint.tests.downstream.test_check_name_table_recommendation.CheckOTFamilyNameRecommendation.test_check_opentype_familyname(): OK
bakery_lint.tests.downstream.test_check_name_table_recommendation.CheckOTStyleNameRecommendation.test_check_opentype_stylename(): OK
bakery_lint.tests.downstream.test_check_name_table_recommendation.CheckOTFullNameRecommendation.test_check_opentype_fullname(): OK
bakery_lint.tests.downstream.test_check_nbsp_width_matches_sp_width.CheckNbspWidthMatchesSpWidth.test_check_nbsp_width_matches_sp_width(): OK
bakery_lint.tests.downstream.test_check_names_same_across_platforms.CheckNamesSameAcrossPlatforms.test_check_names_same_across_platforms(): OK
bakery_lint.tests.downstream.test_check_panose_identification.CheckPanoseIdentification.test_check_panose_identification(): ERROR
bakery_lint.tests.downstream.test_check_license_included.CheckLicenseIncluded.test_license_included_in_font_names(): OK
bakery_lint.tests.downstream.test_check_full_font_name_begins_with_family_name.CheckFullFontNameBeginsWithFamilyName.test_check_full_font_name_begins_with_family_name(): OK
bakery_lint.tests.downstream.test_check_unused_glyph_data.CheckUnusedGlyphData.test_check_unused_glyph_data(): ERROR
bakery_lint.tests.downstream.test_gasp_table_value.CheckGaspTableType.test_check_gasp_table_type(): OK
$ fontbakery-fix-gasp.py --set=15 /home/travis/build/fontdirectory/sharetech/builds/build/ShareTechMono-Regular-TTF.ttf
$ mv /home/travis/build/fontdirectory/sharetech/builds/build/ShareTechMono-Regular-TTF.ttf.fix /home/travis/build/fontdirectory/sharetech/builds/build/ShareTechMono-Regular-TTF.ttf
bakery_lint.tests.downstream.test_check_hmtx_hhea_max_advance_width_agreement.CheckHmtxHheaMaxAdvanceWidthAgreement.test_check_hmtx_hhea_max_advance_width_agreement(): OK
bakery_lint.tests.downstream.test_check_font_agreements.CheckFsTypeIsNotSet.test_is_fstype_not_set(): OK
$ fontbakery-fix-fstype.py --autofix /home/travis/build/fontdirectory/sharetech/builds/build/ShareTechMono-Regular-TTF.ttf
$ mv /home/travis/build/fontdirectory/sharetech/builds/build/ShareTechMono-Regular-TTF.ttf.fix /home/travis/build/fontdirectory/sharetech/builds/build/ShareTechMono-Regular-TTF.ttf
bakery_lint.tests.downstream.test_check_font_agreements.CheckFontAgreements.test_em_is_1000(): OK
bakery_lint.tests.downstream.test_check_font_agreements.CheckFontAgreements.test_font_is_font(): OK
bakery_lint.tests.downstream.test_check_font_agreements.CheckFontAgreements.test_latin_file_exists(): FAIL
bakery_lint.tests.downstream.test_check_font_agreements.CheckFontAgreements.test_menu_file_exists(): FAIL
bakery_lint.tests.downstream.test_check_magic_prep_code.CheckMagicPREPByteCode.test_prep_magic_code(): OK
bakery_lint.tests.downstream.test_check_unencoded_glyph.TestFontUnencodedGlyph.test_font_unencoded_glyphs(): FAIL
$ fontbakery-fix-glyph-private-encoding.py --autofix /home/travis/build/fontdirectory/sharetech/builds/build/ShareTechMono-Regular-TTF.ttf
$ mv /home/travis/build/fontdirectory/sharetech/builds/build/ShareTechMono-Regular-TTF.ttf.fix /home/travis/build/fontdirectory/sharetech/builds/build/ShareTechMono-Regular-TTF.ttf
bakery_lint.tests.downstream.test_check_unencoded_glyph.TestFontUnencodedGlyph.test_font_unencoded_glyphs(): FAIL
bakery_lint.tests.downstream.test_check_glyph_existence.CheckGlyphExistence.test_euro(): OK
bakery_lint.tests.downstream.test_check_glyph_existence.CheckGlyphExistence.test_nbsp(): OK
bakery_lint.tests.downstream.test_check_glyph_existence.CheckGlyphExistence.test_space(): OK
bakery_lint.tests.downstream.test_check_vertical_metrics.CheckVerticalLinegapMetrics.test_metrics_linegaps_are_zero(): OK
bakery_lint.tests.downstream.test_check_vertical_metrics.CheckVerticalAscentMetrics.test_metrics_ascents_equal_bbox(): FAIL
$ fontbakery-fix-vertical-metrics.py --autofix /home/travis/build/fontdirectory/sharetech/builds/build/ShareTech-Regular.ttf /home/travis/build/fontdirectory/sharetech/builds/build/ShareTech-Regular-TTF.ttf /home/travis/build/fontdirectory/sharetech/builds/build/Share-TechExp-Regular.ttf /home/travis/build/fontdirectory/sharetech/builds/build/Share-Tech-Regular.ttf /home/travis/build/fontdirectory/sharetech/builds/build/ShareTechMono-Regularo-TTF.ttf /home/travis/build/fontdirectory/sharetech/builds/build/ShareTechMono-Regular-TTF.ttf
$ mv /home/travis/build/fontdirectory/sharetech/builds/build/ShareTech-Regular.ttf.fix /home/travis/build/fontdirectory/sharetech/builds/build/ShareTech-Regular.ttf
$ mv /home/travis/build/fontdirectory/sharetech/builds/build/ShareTech-Regular-TTF.ttf.fix /home/travis/build/fontdirectory/sharetech/builds/build/ShareTech-Regular-TTF.ttf
$ mv /home/travis/build/fontdirectory/sharetech/builds/build/Share-TechExp-Regular.ttf.fix /home/travis/build/fontdirectory/sharetech/builds/build/Share-TechExp-Regular.ttf
$ mv /home/travis/build/fontdirectory/sharetech/builds/build/Share-Tech-Regular.ttf.fix /home/travis/build/fontdirectory/sharetech/builds/build/Share-Tech-Regular.ttf
$ mv /home/travis/build/fontdirectory/sharetech/builds/build/ShareTechMono-Regularo-TTF.ttf.fix /home/travis/build/fontdirectory/sharetech/builds/build/ShareTechMono-Regularo-TTF.ttf
$ mv /home/travis/build/fontdirectory/sharetech/builds/build/ShareTechMono-Regular-TTF.ttf.fix /home/travis/build/fontdirectory/sharetech/builds/build/ShareTechMono-Regular-TTF.ttf
$ fontbakery-fix-vertical-metrics.py /home/travis/build/fontdirectory/sharetech/builds/build/ShareTech-Regular.ttf /home/travis/build/fontdirectory/sharetech/builds/build/ShareTech-Regular-TTF.ttf /home/travis/build/fontdirectory/sharetech/builds/build/Share-TechExp-Regular.ttf /home/travis/build/fontdirectory/sharetech/builds/build/Share-Tech-Regular.ttf /home/travis/build/fontdirectory/sharetech/builds/build/ShareTechMono-Regularo-TTF.ttf /home/travis/build/fontdirectory/sharetech/builds/build/ShareTechMono-Regular-TTF.ttf
Parameter              ShareTech-Regular.ttf    ShareTech-Regular-TTF.ttf    Share-TechExp-Regular.ttf    Share-Tech-Regular.ttf    ShareTechMono-Regularo-TTF.ttf    ShareTechMono-Regular-TTF.ttf    
ymax                   855                      855                          850                          855                       855                               855                              
hhea.ascent            855                      855                          855                          855                       855                               855                              
OS/2.sTypoAscender     855                      855                          855                          855                       855                               855                              
OS/2.usWinAscent       855                      855                          855                          855                       855                               855                              
ymin                   -235                     -235                         -235                         -235                      -235                              -235                             
hhea.descent           -235                     -235                         -235                         -235                      -235                              -235                             
OS/2.sTypoDescender    -235                     -235                         -235                         -235                      -235                              -235                             
OS/2.usWinDescent      235                      235                          235                          235                       235                               235                              
hhea.lineGap           0                        0                            0                            0                         0                                 0                                
OS/2.sTypoLineGap      0                        0                            0                            0                         0                                 0                                
hhea total             1090                     1090                         1090                         1090                      1090                              1090                             
typo total             1090                     1090                         1090                         1090                      1090                              1090                             
win total              1090                     1090                         1090                         1090                      1090                              1090                             
UPM:Heights            1000:1090                1000:1090                    1000:1085                    1000:1090                 1000:1090                         1000:1090                        
UPM:Heights %          109 %                    109 %                        108 %                        109 %                     109 %                             109 %                            


bakery_lint.tests.downstream.test_check_vertical_metrics.CheckVerticalAscentMetrics.test_metrics_ascents_equal_bbox(): OK
bakery_lint.tests.downstream.test_check_vertical_metrics.CheckVerticalDescentMetrics.test_metrics_descents_equal_bbox(): OK
bakery_lint.tests.downstream.test_names_are_ascii_only.CheckNamesAreASCIIOnly.test_check_names_are_ascii_only(): OK
bakery_lint.tests.downstream.test_check_glyf_table_length.CheckGlyfTableLength.test_check_glyf_table_length(): FAIL
bakery_lint.tests.downstream.test_check_os2_width_class.CheckOS2WidthClass.test_check_os2_width_class(): OK
bakery_lint.tests.downstream.test_check_no_problematic_formats.CheckNoProblematicFormats.test_check_no_problematic_formats(): OK
bakery_lint.tests.downstream.test_check_fontname_matches_macstyle.CheckFontNameEqualToMacStyleFlags.test_fontname_is_equal_to_macstyle(): FAIL
bakery_lint.tests.downstream.test_gpos_table_has_kerning_info.CheckGposTableHasKerningInfo.test_gpos_table_has_kerning_info(): FAIL
The following table(s) in the font have been ignored by FontForge
  Ignoring 'DSIG' digital signature table
bakery_lint.tests.downstream.test_fontforge_validation_state.FontForgeValidateStateTest.test_allowed_numbers_paths_in_composite_glyphs(): OK
bakery_lint.tests.downstream.test_fontforge_validation_state.FontForgeValidateStateTest.test_allowed_numbers_paths_in_glyphs(): OK
bakery_lint.tests.downstream.test_fontforge_validation_state.FontForgeValidateStateTest.test_allowed_numbers_points_in_composite_glyphs(): OK
bakery_lint.tests.downstream.test_fontforge_validation_state.FontForgeValidateStateTest.test_allowed_numbers_points_in_glyphs(): OK
bakery_lint.tests.downstream.test_fontforge_validation_state.FontForgeValidateStateTest.test_duplicate_glyphs(): OK
bakery_lint.tests.downstream.test_fontforge_validation_state.FontForgeValidateStateTest.test_duplicate_unicode_codepoints(): OK
bakery_lint.tests.downstream.test_fontforge_validation_state.FontForgeValidateStateTest.test_flipped_reference_in_glyphs(): OK
bakery_lint.tests.downstream.test_fontforge_validation_state.FontForgeValidateStateTest.test_missing_anchors(): OK
bakery_lint.tests.downstream.test_fontforge_validation_state.FontForgeValidateStateTest.test_missing_extrema_in_glyphs(): OK
bakery_lint.tests.downstream.test_fontforge_validation_state.FontForgeValidateStateTest.test_overlapped_hints(): OK
bakery_lint.tests.downstream.test_fontforge_validation_state.FontForgeValidateStateTest.test_points_are_integer_aligned(): OK
bakery_lint.tests.downstream.test_fontforge_validation_state.FontForgeValidateStateTest.test_points_are_not_too_far_apart(): OK
bakery_lint.tests.downstream.test_fontforge_validation_state.FontForgeValidateStateTest.test_postscript_hasnt_limit_hints_in_glyphs(): OK
bakery_lint.tests.downstream.test_fontforge_validation_state.FontForgeValidateStateTest.test_postscript_hasnt_limit_points_in_glyphs(): OK
bakery_lint.tests.downstream.test_fontforge_validation_state.FontForgeValidateStateTest.test_referenced_glyphs_are_present(): OK
bakery_lint.tests.downstream.test_fontforge_validation_state.FontForgeValidateStateTest.test_valid_glyph_names(): OK
bakery_lint.tests.downstream.test_fontforge_validation_state.FontForgeValidateStateTest.test_valid_length_instructions(): OK
bakery_lint.tests.downstream.test_fontforge_validation_state.FontForgeValidateStateTest.test_validation_glyph_intersect(): FAIL
bakery_lint.tests.downstream.test_fontforge_validation_state.FontForgeValidateStateTest.test_validation_open_contours(): OK
bakery_lint.tests.downstream.test_fontforge_validation_state.FontForgeValidateStateTest.test_wrong_direction_in_glyphs(): OK
### Optimize TTF ShareTechMono-Regular-TTF.ttf
$ ls -l 'ShareTechMono-Regular-TTF.ttf'* # look at the size savings of that subset process
ShareTechMono-Regular-TTF.ttf.opt: 22072 bytes
ShareTechMono-Regular-TTF.ttf: 24312 bytes
$ mv /home/travis/build/fontdirectory/sharetech/builds/build/ShareTechMono-Regular-TTF.ttf.opt /home/travis/build/fontdirectory/sharetech/builds/build/ShareTechMono-Regular-TTF.ttf
### Autohint TTFs (ttfautohint) ShareTechMono-Regular-TTF.ttf
$ ttfautohint -l 7 -r 28 -G 50 -x 13 -w "G" /home/travis/build/fontdirectory/sharetech/builds/build/ShareTechMono-Regular-TTF.ttf '/home/travis/build/fontdirectory/sharetech/builds/build/ShareTechMono-Regular-TTF.autohint.ttf'

$ ls -l /home/travis/build/fontdirectory/sharetech/builds/build/ShareTechMono-Regular-TTF.*ttf # look at the size savings of that subset process
/home/travis/build/fontdirectory/sharetech/builds/build/ShareTechMono-Regular-TTF.ttf: 22072 bytes
/home/travis/build/fontdirectory/sharetech/builds/build/ShareTechMono-Regular-TTF.autohint.ttf: 37308 bytes
$ mv /home/travis/build/fontdirectory/sharetech/builds/build/ShareTechMono-Regular-TTF.autohint.ttf /home/travis/build/fontdirectory/sharetech/builds/build/ShareTechMono-Regular-TTF.ttf
### Subset TTFs (pyftsubset) ShareTechMono-Regular-TTF.ttf
$ pyftsubset ShareTechMono-Regular-TTF.latin
$ pyftsubset ShareTechMono-Regular-TTF.menu
strippedname:/home/travis/build/fontdirectory/sharetech/builds/build/ShareTechMono-Regular-TTF.ttf
$ fontbakery-build-font2ttf.py sources/ShareTech-Regularo-TTF.sfd ShareTech-Regularo-TTF.ttf
Success: Generated OpenType-TTF (/home/travis/build/fontdirectory/sharetech/builds/build/ShareTech-Regularo-TTF.ttf)
### Test ShareTech-Regularo-TTF.ttf
$ fontbakery-check.py result ShareTech-Regularo-TTF.ttf
bakery_lint.tests.downstream.test_check_italic_angle_agreement.CheckItalicAngleAgreement.test_check_italic_angle_agreement(): OK
bakery_lint.tests.downstream.test_check_upm_heights_less_120.TestCheckUPMHeightsLess120.test_check_upm_heigths_less_120(): OK
bakery_lint.tests.downstream.test_check_font_tables.CheckFontHasDsigTable.test_check_font_has_dsig_table(): OK
bakery_lint.tests.downstream.test_check_font_tables.CheckFontHasNotKernTable.test_no_kern_table_exists(): OK
bakery_lint.tests.downstream.test_check_name_table_recommendation.CheckStyleNameRecommendation.test_check_stylename_is_under_recommendations(): OK
bakery_lint.tests.downstream.test_check_name_table_recommendation.CheckOTFamilyNameRecommendation.test_check_opentype_familyname(): FAIL
$ fontbakery-fix-opentype-names.py /home/travis/build/fontdirectory/sharetech/builds/build/ShareTech-Regularo-TTF.ttf
$ mv /home/travis/build/fontdirectory/sharetech/builds/build/ShareTech-Regularo-TTF.ttf.fix /home/travis/build/fontdirectory/sharetech/builds/build/ShareTech-Regularo-TTF.ttf
bakery_lint.tests.downstream.test_check_name_table_recommendation.CheckOTFamilyNameRecommendation.test_check_opentype_familyname(): OK
bakery_lint.tests.downstream.test_check_name_table_recommendation.CheckOTStyleNameRecommendation.test_check_opentype_stylename(): OK
bakery_lint.tests.downstream.test_check_name_table_recommendation.CheckOTFullNameRecommendation.test_check_opentype_fullname(): OK
bakery_lint.tests.downstream.test_check_nbsp_width_matches_sp_width.CheckNbspWidthMatchesSpWidth.test_check_nbsp_width_matches_sp_width(): OK
bakery_lint.tests.downstream.test_check_names_same_across_platforms.CheckNamesSameAcrossPlatforms.test_check_names_same_across_platforms(): OK
bakery_lint.tests.downstream.test_check_panose_identification.CheckPanoseIdentification.test_check_panose_identification(): OK
bakery_lint.tests.downstream.test_check_license_included.CheckLicenseIncluded.test_license_included_in_font_names(): OK
bakery_lint.tests.downstream.test_check_full_font_name_begins_with_family_name.CheckFullFontNameBeginsWithFamilyName.test_check_full_font_name_begins_with_family_name(): OK
bakery_lint.tests.downstream.test_check_unused_glyph_data.CheckUnusedGlyphData.test_check_unused_glyph_data(): ERROR
bakery_lint.tests.downstream.test_gasp_table_value.CheckGaspTableType.test_check_gasp_table_type(): FAIL
$ fontbakery-fix-gasp.py --set=15 /home/travis/build/fontdirectory/sharetech/builds/build/ShareTech-Regularo-TTF.ttf
$ mv /home/travis/build/fontdirectory/sharetech/builds/build/ShareTech-Regularo-TTF.ttf.fix /home/travis/build/fontdirectory/sharetech/builds/build/ShareTech-Regularo-TTF.ttf
bakery_lint.tests.downstream.test_gasp_table_value.CheckGaspTableType.test_check_gasp_table_type(): OK
$ fontbakery-fix-gasp.py --set=15 /home/travis/build/fontdirectory/sharetech/builds/build/ShareTech-Regularo-TTF.ttf
$ mv /home/travis/build/fontdirectory/sharetech/builds/build/ShareTech-Regularo-TTF.ttf.fix /home/travis/build/fontdirectory/sharetech/builds/build/ShareTech-Regularo-TTF.ttf
bakery_lint.tests.downstream.test_check_hmtx_hhea_max_advance_width_agreement.CheckHmtxHheaMaxAdvanceWidthAgreement.test_check_hmtx_hhea_max_advance_width_agreement(): OK
bakery_lint.tests.downstream.test_check_font_agreements.CheckFsTypeIsNotSet.test_is_fstype_not_set(): OK
$ fontbakery-fix-fstype.py --autofix /home/travis/build/fontdirectory/sharetech/builds/build/ShareTech-Regularo-TTF.ttf
$ mv /home/travis/build/fontdirectory/sharetech/builds/build/ShareTech-Regularo-TTF.ttf.fix /home/travis/build/fontdirectory/sharetech/builds/build/ShareTech-Regularo-TTF.ttf
bakery_lint.tests.downstream.test_check_font_agreements.CheckFontAgreements.test_em_is_1000(): OK
bakery_lint.tests.downstream.test_check_font_agreements.CheckFontAgreements.test_font_is_font(): OK
bakery_lint.tests.downstream.test_check_font_agreements.CheckFontAgreements.test_latin_file_exists(): FAIL
bakery_lint.tests.downstream.test_check_font_agreements.CheckFontAgreements.test_menu_file_exists(): FAIL
bakery_lint.tests.downstream.test_check_magic_prep_code.CheckMagicPREPByteCode.test_prep_magic_code(): FAIL
bakery_lint.tests.downstream.test_check_unencoded_glyph.TestFontUnencodedGlyph.test_font_unencoded_glyphs(): FAIL
$ fontbakery-fix-glyph-private-encoding.py --autofix /home/travis/build/fontdirectory/sharetech/builds/build/ShareTech-Regularo-TTF.ttf
$ mv /home/travis/build/fontdirectory/sharetech/builds/build/ShareTech-Regularo-TTF.ttf.fix /home/travis/build/fontdirectory/sharetech/builds/build/ShareTech-Regularo-TTF.ttf
bakery_lint.tests.downstream.test_check_unencoded_glyph.TestFontUnencodedGlyph.test_font_unencoded_glyphs(): FAIL
bakery_lint.tests.downstream.test_check_glyph_existence.CheckGlyphExistence.test_euro(): OK
bakery_lint.tests.downstream.test_check_glyph_existence.CheckGlyphExistence.test_nbsp(): OK
bakery_lint.tests.downstream.test_check_glyph_existence.CheckGlyphExistence.test_space(): OK
bakery_lint.tests.downstream.test_check_vertical_metrics.CheckVerticalLinegapMetrics.test_metrics_linegaps_are_zero(): FAIL
$ fontbakery-fix-vertical-metrics.py --autofix /home/travis/build/fontdirectory/sharetech/builds/build/ShareTech-Regular.ttf /home/travis/build/fontdirectory/sharetech/builds/build/ShareTech-Regular-TTF.ttf /home/travis/build/fontdirectory/sharetech/builds/build/Share-TechExp-Regular.ttf /home/travis/build/fontdirectory/sharetech/builds/build/Share-Tech-Regular.ttf /home/travis/build/fontdirectory/sharetech/builds/build/ShareTechMono-Regularo-TTF.ttf /home/travis/build/fontdirectory/sharetech/builds/build/ShareTechMono-Regular-TTF.ttf /home/travis/build/fontdirectory/sharetech/builds/build/ShareTech-Regularo-TTF.ttf
$ mv /home/travis/build/fontdirectory/sharetech/builds/build/ShareTech-Regular.ttf.fix /home/travis/build/fontdirectory/sharetech/builds/build/ShareTech-Regular.ttf
$ mv /home/travis/build/fontdirectory/sharetech/builds/build/ShareTech-Regular-TTF.ttf.fix /home/travis/build/fontdirectory/sharetech/builds/build/ShareTech-Regular-TTF.ttf
$ mv /home/travis/build/fontdirectory/sharetech/builds/build/Share-TechExp-Regular.ttf.fix /home/travis/build/fontdirectory/sharetech/builds/build/Share-TechExp-Regular.ttf
$ mv /home/travis/build/fontdirectory/sharetech/builds/build/Share-Tech-Regular.ttf.fix /home/travis/build/fontdirectory/sharetech/builds/build/Share-Tech-Regular.ttf
$ mv /home/travis/build/fontdirectory/sharetech/builds/build/ShareTechMono-Regularo-TTF.ttf.fix /home/travis/build/fontdirectory/sharetech/builds/build/ShareTechMono-Regularo-TTF.ttf
$ mv /home/travis/build/fontdirectory/sharetech/builds/build/ShareTechMono-Regular-TTF.ttf.fix /home/travis/build/fontdirectory/sharetech/builds/build/ShareTechMono-Regular-TTF.ttf
$ mv /home/travis/build/fontdirectory/sharetech/builds/build/ShareTech-Regularo-TTF.ttf.fix /home/travis/build/fontdirectory/sharetech/builds/build/ShareTech-Regularo-TTF.ttf
$ fontbakery-fix-vertical-metrics.py /home/travis/build/fontdirectory/sharetech/builds/build/ShareTech-Regular.ttf /home/travis/build/fontdirectory/sharetech/builds/build/ShareTech-Regular-TTF.ttf /home/travis/build/fontdirectory/sharetech/builds/build/Share-TechExp-Regular.ttf /home/travis/build/fontdirectory/sharetech/builds/build/Share-Tech-Regular.ttf /home/travis/build/fontdirectory/sharetech/builds/build/ShareTechMono-Regularo-TTF.ttf /home/travis/build/fontdirectory/sharetech/builds/build/ShareTechMono-Regular-TTF.ttf /home/travis/build/fontdirectory/sharetech/builds/build/ShareTech-Regularo-TTF.ttf
Parameter              ShareTech-Regular.ttf    ShareTech-Regular-TTF.ttf    Share-TechExp-Regular.ttf    Share-Tech-Regular.ttf    ShareTechMono-Regularo-TTF.ttf    ShareTechMono-Regular-TTF.ttf    ShareTech-Regularo-TTF.ttf    
ymax                   855                      855                          850                          855                       855                               855                              855                           
hhea.ascent            855                      855                          855                          855                       855                               855                              855                           
OS/2.sTypoAscender     855                      855                          855                          855                       855                               855                              855                           
OS/2.usWinAscent       855                      855                          855                          855                       855                               855                              855                           
ymin                   -235                     -235                         -235                         -235                      -235                              -235                             -235                          
hhea.descent           -235                     -235                         -235                         -235                      -235                              -235                             -235                          
OS/2.sTypoDescender    -235                     -235                         -235                         -235                      -235                              -235                             -235                          
OS/2.usWinDescent      235                      235                          235                          235                       235                               235                              235                           
hhea.lineGap           0                        0                            0                            0                         0                                 0                                0                             
OS/2.sTypoLineGap      0                        0                            0                            0                         0                                 0                                0                             
hhea total             1090                     1090                         1090                         1090                      1090                              1090                             1090                          
typo total             1090                     1090                         1090                         1090                      1090                              1090                             1090                          
win total              1090                     1090                         1090                         1090                      1090                              1090                             1090                          
UPM:Heights            1000:1090                1000:1090                    1000:1085                    1000:1090                 1000:1090                         1000:1090                        1000:1090                     
UPM:Heights %          109 %                    109 %                        108 %                        109 %                     109 %                             109 %                            109 %                         


bakery_lint.tests.downstream.test_check_vertical_metrics.CheckVerticalLinegapMetrics.test_metrics_linegaps_are_zero(): OK
bakery_lint.tests.downstream.test_check_vertical_metrics.CheckVerticalAscentMetrics.test_metrics_ascents_equal_bbox(): OK
bakery_lint.tests.downstream.test_check_vertical_metrics.CheckVerticalDescentMetrics.test_metrics_descents_equal_bbox(): OK
bakery_lint.tests.downstream.test_names_are_ascii_only.CheckNamesAreASCIIOnly.test_check_names_are_ascii_only(): OK
bakery_lint.tests.downstream.test_check_glyf_table_length.CheckGlyfTableLength.test_check_glyf_table_length(): FAIL
bakery_lint.tests.downstream.test_check_os2_width_class.CheckOS2WidthClass.test_check_os2_width_class(): OK
bakery_lint.tests.downstream.test_check_no_problematic_formats.CheckNoProblematicFormats.test_check_no_problematic_formats(): OK
bakery_lint.tests.downstream.test_check_fontname_matches_macstyle.CheckFontNameEqualToMacStyleFlags.test_fontname_is_equal_to_macstyle(): FAIL
bakery_lint.tests.downstream.test_gpos_table_has_kerning_info.CheckGposTableHasKerningInfo.test_gpos_table_has_kerning_info(): OK
The following table(s) in the font have been ignored by FontForge
  Ignoring 'DSIG' digital signature table
bakery_lint.tests.downstream.test_fontforge_validation_state.FontForgeValidateStateTest.test_allowed_numbers_paths_in_composite_glyphs(): OK
bakery_lint.tests.downstream.test_fontforge_validation_state.FontForgeValidateStateTest.test_allowed_numbers_paths_in_glyphs(): OK
bakery_lint.tests.downstream.test_fontforge_validation_state.FontForgeValidateStateTest.test_allowed_numbers_points_in_composite_glyphs(): OK
bakery_lint.tests.downstream.test_fontforge_validation_state.FontForgeValidateStateTest.test_allowed_numbers_points_in_glyphs(): OK
bakery_lint.tests.downstream.test_fontforge_validation_state.FontForgeValidateStateTest.test_duplicate_glyphs(): OK
bakery_lint.tests.downstream.test_fontforge_validation_state.FontForgeValidateStateTest.test_duplicate_unicode_codepoints(): OK
bakery_lint.tests.downstream.test_fontforge_validation_state.FontForgeValidateStateTest.test_flipped_reference_in_glyphs(): OK
bakery_lint.tests.downstream.test_fontforge_validation_state.FontForgeValidateStateTest.test_missing_anchors(): OK
bakery_lint.tests.downstream.test_fontforge_validation_state.FontForgeValidateStateTest.test_missing_extrema_in_glyphs(): OK
bakery_lint.tests.downstream.test_fontforge_validation_state.FontForgeValidateStateTest.test_overlapped_hints(): OK
bakery_lint.tests.downstream.test_fontforge_validation_state.FontForgeValidateStateTest.test_points_are_integer_aligned(): OK
bakery_lint.tests.downstream.test_fontforge_validation_state.FontForgeValidateStateTest.test_points_are_not_too_far_apart(): OK
bakery_lint.tests.downstream.test_fontforge_validation_state.FontForgeValidateStateTest.test_postscript_hasnt_limit_hints_in_glyphs(): OK
bakery_lint.tests.downstream.test_fontforge_validation_state.FontForgeValidateStateTest.test_postscript_hasnt_limit_points_in_glyphs(): OK
bakery_lint.tests.downstream.test_fontforge_validation_state.FontForgeValidateStateTest.test_referenced_glyphs_are_present(): OK
bakery_lint.tests.downstream.test_fontforge_validation_state.FontForgeValidateStateTest.test_valid_glyph_names(): OK
bakery_lint.tests.downstream.test_fontforge_validation_state.FontForgeValidateStateTest.test_valid_length_instructions(): OK
bakery_lint.tests.downstream.test_fontforge_validation_state.FontForgeValidateStateTest.test_validation_glyph_intersect(): OK
bakery_lint.tests.downstream.test_fontforge_validation_state.FontForgeValidateStateTest.test_validation_open_contours(): OK
bakery_lint.tests.downstream.test_fontforge_validation_state.FontForgeValidateStateTest.test_wrong_direction_in_glyphs(): OK
### Optimize TTF ShareTech-Regularo-TTF.ttf
$ ls -l 'ShareTech-Regularo-TTF.ttf'* # look at the size savings of that subset process
ShareTech-Regularo-TTF.ttf.opt: 39692 bytes
ShareTech-Regularo-TTF.ttf: 89424 bytes
$ mv /home/travis/build/fontdirectory/sharetech/builds/build/ShareTech-Regularo-TTF.ttf.opt /home/travis/build/fontdirectory/sharetech/builds/build/ShareTech-Regularo-TTF.ttf
### Autohint TTFs (ttfautohint) ShareTech-Regularo-TTF.ttf
$ ttfautohint -l 7 -r 28 -G 50 -x 13 -w "G" /home/travis/build/fontdirectory/sharetech/builds/build/ShareTech-Regularo-TTF.ttf '/home/travis/build/fontdirectory/sharetech/builds/build/ShareTech-Regularo-TTF.autohint.ttf'

$ ls -l /home/travis/build/fontdirectory/sharetech/builds/build/ShareTech-Regularo-TTF.*ttf # look at the size savings of that subset process
/home/travis/build/fontdirectory/sharetech/builds/build/ShareTech-Regularo-TTF.ttf: 39692 bytes
/home/travis/build/fontdirectory/sharetech/builds/build/ShareTech-Regularo-TTF.autohint.ttf: 55516 bytes
$ mv /home/travis/build/fontdirectory/sharetech/builds/build/ShareTech-Regularo-TTF.autohint.ttf /home/travis/build/fontdirectory/sharetech/builds/build/ShareTech-Regularo-TTF.ttf
### Subset TTFs (pyftsubset) ShareTech-Regularo-TTF.ttf
$ pyftsubset ShareTech-Regularo-TTF.latin
$ pyftsubset ShareTech-Regularo-TTF.menu
strippedname:/home/travis/build/fontdirectory/sharetech/builds/build/ShareTech-Regularo-TTF.ttf
### (5 of 6) Generate METADATA.json (fontbakery-build-metadata.py)
$ fontbakery-build-metadata.py /home/travis/build/fontdirectory/sharetech/builds/build
{} exists
Designer's name from font is: Ralph Oliver du Carrois
Original size: 42844\nGzip size: 20978
Family Name: Share-Tech
PS Name: ShareTech-Regular
Full Name: Share Tech
Style: normal
Weight: 400
Filename: ShareTech-Regular.ttf
Copyright: Copyright (c) 2012, Carrois Type Design, Ralph du Carrois (post@carrois.com www.carrois.com), with Reserved Font Name 'Share'
Family Name: Share-Tech
PS Name: ShareTech-Regular
Full Name: Share Tech
Style: normal
Weight: 400
Filename: ShareTech-Regular-TTF.ttf
Copyright: Copyright (c) 2012, Carrois Type Design, Ralph du Carrois (post@carrois.com www.carrois.com), with Reserved Font Name 'Share'
Family Name: Share-Tech
PS Name: Share-TechExp
Full Name: Share-TechExp
Style: normal
Weight: 400
Filename: Share-TechExp-Regular.ttf
Copyright: Copyright (c) This Font is designed by Ralph Oliver du Carrois, 2005. All rights reserved.
Family Name: Share-Tech
PS Name: Share-Tech
Full Name: Share-Tech
Style: normal
Weight: 400
Filename: Share-Tech-Regular.ttf
Copyright: Copyright (c) This Font is designed by Ralph Oliver du Carrois, 2005. All rights reserved.
Family Name: Share-Tech
PS Name: Share-TechMono
Full Name: Share-TechMono
Style: normal
Weight: 400
Filename: ShareTechMono-Regularo-TTF.ttf
Copyright: Copyright (c) This Font is designed by Ralph Oliver du Carrois, 2005. All rights reserved.
Family Name: Share-Tech
PS Name: ShareTechMono-Regular
Full Name: Share Tech Mono
Style: normal
Weight: 400
Filename: ShareTechMono-Regular-TTF.ttf
Copyright: Copyright (c) 2012, Carrois Type Design, Ralph du Carrois (post@carrois.com www.carrois.com), with Reserved Font Name 'Share'
Family Name: Share-Tech
PS Name: Share-Tech
Full Name: Share-Tech
Style: normal
Weight: 400
Filename: ShareTech-Regularo-TTF.ttf
Copyright: Copyright (c) This Font is designed by Ralph Oliver du Carrois, 2005. All rights reserved.
### (6 of 6) Run tests for METADATA.json
$ fontbakery-check.py metadata METADATA.json
bakery_lint.tests.metadata_test.MetadataSubsetsListTest.test_charset_latin(): OK
bakery_lint.tests.metadata_test.MetadataSubsetsListTest.test_charset_menu(): OK
bakery_lint.tests.metadata_test.MetadataTest.test_description_is_more_than_500b(): FAIL
bakery_lint.tests.metadata_test.MetadataTest.test_description_is_valid_html(): OK
bakery_lint.tests.metadata_test.MetadataTest.test_does_not_familyName_exist_in_daltonmaag_catalogue(): FAIL
bakery_lint.tests.metadata_test.MetadataTest.test_does_not_familyName_exist_in_fontbureau_catalogue(): OK
bakery_lint.tests.metadata_test.MetadataTest.test_does_not_familyName_exist_in_fontscom_catalogue(): FAIL
bakery_lint.tests.metadata_test.MetadataTest.test_does_not_familyName_exist_in_fontshop_catalogue(): FAIL
bakery_lint.tests.metadata_test.MetadataTest.test_does_not_familyName_exist_in_fontsmith_catalogue(): FAIL
bakery_lint.tests.metadata_test.MetadataTest.test_does_not_familyName_exist_in_houseind_catalogue(): OK
bakery_lint.tests.metadata_test.MetadataTest.test_does_not_familyName_exist_in_myfonts_catalogue(): OK
bakery_lint.tests.metadata_test.MetadataTest.test_does_not_familyName_exist_in_veer_catalogue(): FAIL
bakery_lint.tests.metadata_test.MetadataTest.test_family_is_listed_in_gwf(): FAIL
bakery_lint.tests.metadata_test.MetadataTest.test_metadata_atleast_latin_menu_subsets_exist(): OK
/home/travis/virtualenv/python2.7.8/lib/python2.7/site-packages/bakery_lint/tests/metadata_test.py:141: UnicodeWarning: Unicode equal comparison failed to convert both arguments to Unicode - interpreting them as being unequal
  self.assertTrue(designer in designers,
bakery_lint.tests.metadata_test.MetadataTest.test_metadata_designer_exists_in_profiles_csv(): OK
bakery_lint.tests.metadata_test.MetadataTest.test_metadata_fonts_items_dicts(): OK
bakery_lint.tests.metadata_test.MetadataTest.test_metadata_fonts_key_list(): OK
bakery_lint.tests.metadata_test.MetadataTest.test_metadata_fonts_no_dupes(): OK
bakery_lint.tests.metadata_test.MetadataTest.test_metadata_has_unique_style_weight_pairs(): OK
bakery_lint.tests.metadata_test.MetadataTest.test_metadata_keys(): OK
bakery_lint.tests.metadata_test.MetadataTest.test_metadata_license(): OK
bakery_lint.tests.metadata_test.MetadataTest.test_metadata_no_unknown_top_keys(): OK
bakery_lint.tests.metadata_test.MetadataTest.test_metadata_subsets_key_list(): OK
bakery_lint.tests.metadata_test.MetadataTest.test_metadata_top_keys_types(): OK
bakery_lint.tests.downstream.test_check_metadata_style_matches_names.CheckItalicStyleMatchesMacStyle.test_check_italic_style_matches_names(): OK
bakery_lint.tests.downstream.test_check_metadata_style_matches_names.CheckNormalStyleMatchesMacStyle.test_check_normal_style_matches_names(): OK
bakery_lint.tests.downstream.test_check_text_files_exist.CheckTextFilesExist.test_copyrighttxt_exists(): FAIL
bakery_lint.tests.downstream.test_check_text_files_exist.CheckTextFilesExist.test_description_exists(): OK
bakery_lint.tests.downstream.test_check_text_files_exist.CheckTextFilesExist.test_fontlogtxt_exists(): FAIL
bakery_lint.tests.downstream.test_check_text_files_exist.CheckTextFilesExist.test_licensetxt_exists(): FAIL
bakery_lint.tests.downstream.test_check_menu_contains_proper_glyphs.CheckMenuSubsetContainsProperGlyphs.test_check_menu_contains_proper_glyphs(): OK
bakery_lint.tests.downstream.test_check_glyph_consistency.CheckGlyphConsistencyInFamily.test_the_same_encodings_of_glyphs_across_family(): OK
bakery_lint.tests.downstream.test_check_glyph_consistency.CheckGlyphConsistencyInFamily.test_the_same_names_of_glyphs_across_family(): OK
bakery_lint.tests.downstream.test_check_glyph_consistency.CheckGlyphConsistencyInFamily.test_the_same_number_of_glyphs_across_family(): OK
bakery_lint.tests.downstream.test_metadata_font_copyright.CheckMetadataContainsReservedFontName.test_copyright_contains_correct_rfn(): OK
bakery_lint.tests.downstream.test_metadata_font_copyright.CheckMetadataContainsReservedFontName.test_copyright_is_consistent_across_family(): OK
bakery_lint.tests.downstream.test_metadata_font_copyright.CheckMetadataContainsReservedFontName.test_copyright_matches_pattern(): OK
bakery_lint.tests.downstream.test_metadata_font_copyright.CheckMetadataContainsReservedFontName.test_metadata_copyright_size(): OK
bakery_lint.tests.downstream.test_check_monospace_agreements.CheckMonospaceAgreement.test_check_monospace_agreement(): OK
bakery_lint.tests.downstream.test_check_font_name_not_in_camelcase.CheckFontNameNotInCamelCase.test_fontname_not_in_camel_case(): OK
bakery_lint.tests.downstream.test_check_canonical_styles.CheckCanonicalStyles.test_check_canonical_styles(): OK
bakery_lint.tests.downstream.test_check_metadata_matches_nametable.CheckMetadataMatchesNameTable.test_check_metadata_matches_nametable(): OK
bakery_lint.tests.downstream.test_check_metadata_fields.CheckMetadataFields.test_check_metadata_fields(): OK
bakery_lint.tests.downstream.test_check_subsets_exists.CheckSubsetsExist.test_check_subsets_exists(): OK
bakery_lint.tests.downstream.test_check_canonical_filenames.CheckCanonicalFilenames.test_check_canonical_filenames(): OK
bakery_lint.tests.downstream.test_check_files_menu_agreements.CheckFontsMenuAgreements.test_menu_file_agreement(): OK
bakery_lint.tests.downstream.test_check_familyname_matches_fontnames.CheckFamilyNameMatchesFontNames.test_check_familyname_matches_fontnames(): OK
bakery_lint.tests.downstream.test_metadata_agreements.TestFontOnDiskFamilyEqualToMetadataJSON.test_font_on_disk_family_equal_in_metadata_json(): OK
bakery_lint.tests.downstream.test_metadata_agreements.TestPostScriptNameInMetadataEqualFontOnDisk.test_postscriptname_in_metadata_equal_to_font_on_disk(): OK
bakery_lint.tests.downstream.test_metadata_agreements.CheckMetadataAgreements.test_font_name_matches_family(): OK
bakery_lint.tests.downstream.test_metadata_agreements.CheckMetadataAgreements.test_metadata_family_values_are_all_the_same(): OK
bakery_lint.tests.downstream.test_metadata_agreements.CheckMetadataAgreements.test_metadata_filename_matches_postscriptname(): OK
bakery_lint.tests.downstream.test_metadata_agreements.CheckMetadataAgreements.test_metadata_font_have_regular(): OK
bakery_lint.tests.downstream.test_metadata_agreements.CheckMetadataAgreements.test_metadata_fonts_fields_have_fontname(): OK
bakery_lint.tests.downstream.test_metadata_agreements.CheckMetadataAgreements.test_metadata_fullname_is_equal_to_internal_font_fullname(): OK
bakery_lint.tests.downstream.test_metadata_agreements.CheckMetadataAgreements.test_metadata_fullname_matches_postScriptName(): FAIL
bakery_lint.tests.downstream.test_metadata_agreements.CheckMetadataAgreements.test_metadata_regular_is_400(): OK
bakery_lint.tests.downstream.test_metadata_agreements.CheckMetadataAgreements.test_metadata_regular_is_normal(): FAIL
bakery_lint.tests.downstream.test_check_canonical_weights.CheckCanonicalWeights.test_check_canonical_weights(): OK
bakery_lint.tests.downstream.test_check_canonical_weights.CheckPostScriptNameMatchesWeight.test_postscriptname_contains_correct_weight(): OK
bakery_lint.tests.downstream.test_check_canonical_weights.CheckFontWeightSameAsInMetadata.test_font_weight_same_as_in_metadata(): OK
bakery_lint.tests.downstream.test_check_canonical_weights.CheckFullNameEqualCanonicalName.test_metadata_contains_current_font(): OK
{
  "name": "Share Tech", 
  "designer": "Ralph du Carrois", 
  "license": "OFL", 
  "visibility": "Sandbox", 
  "category": "Sans Serif", 
  "size": 15003, 
  "fonts": [
    {
      "name": "Share-Tech", 
      "postScriptName": "ShareTech-Regular", 
      "fullName": "Share Tech", 
      "style": "normal", 
      "weight": 400, 
      "filename": "ShareTech-Regular.ttf", 
      "copyright": "Copyright (c) 2012, Carrois Type Design, Ralph du Carrois (post@carrois.com www.carrois.com), with Reserved Font Name 'Share'"
    }, 
    {
      "name": "Share-Tech", 
      "postScriptName": "ShareTech-Regular", 
      "fullName": "Share Tech", 
      "style": "normal", 
      "weight": 400, 
      "filename": "ShareTech-Regular-TTF.ttf", 
      "copyright": "Copyright (c) 2012, Carrois Type Design, Ralph du Carrois (post@carrois.com www.carrois.com), with Reserved Font Name 'Share'"
    }, 
    {
      "name": "Share-Tech", 
      "postScriptName": "Share-TechExp", 
      "fullName": "Share-TechExp", 
      "style": "normal", 
      "weight": 400, 
      "filename": "Share-TechExp-Regular.ttf", 
      "copyright": "Copyright (c) This Font is designed by Ralph Oliver du Carrois, 2005. All rights reserved."
    }, 
    {
      "name": "Share-Tech", 
      "postScriptName": "Share-Tech", 
      "fullName": "Share-Tech", 
      "style": "normal", 
      "weight": 400, 
      "filename": "Share-Tech-Regular.ttf", 
      "copyright": "Copyright (c) This Font is designed by Ralph Oliver du Carrois, 2005. All rights reserved."
    }, 
    {
      "name": "Share-Tech", 
      "postScriptName": "Share-TechMono", 
      "fullName": "Share-TechMono", 
      "style": "normal", 
      "weight": 400, 
      "filename": "ShareTechMono-Regularo-TTF.ttf", 
      "copyright": "Copyright (c) This Font is designed by Ralph Oliver du Carrois, 2005. All rights reserved."
    }, 
    {
      "name": "Share-Tech", 
      "postScriptName": "ShareTechMono-Regular", 
      "fullName": "Share Tech Mono", 
      "style": "normal", 
      "weight": 400, 
      "filename": "ShareTechMono-Regular-TTF.ttf", 
      "copyright": "Copyright (c) 2012, Carrois Type Design, Ralph du Carrois (post@carrois.com www.carrois.com), with Reserved Font Name 'Share'"
    }, 
    {
      "name": "Share-Tech", 
      "postScriptName": "Share-Tech", 
      "fullName": "Share-Tech", 
      "style": "normal", 
      "weight": 400, 
      "filename": "ShareTech-Regularo-TTF.ttf", 
      "copyright": "Copyright (c) This Font is designed by Ralph Oliver du Carrois, 2005. All rights reserved."
    }
  ], 
  "subsets": [
    "latin", 
    "menu"
  ], 
  "dateAdded": "2012-10-31"
}
